Archive member included to satisfy reference by file (symbol)

d:/truestudio for stm32 9.0.0/armtools/bin/../lib/gcc/arm-atollic-eabi/6.3.1/../../../../arm-atollic-eabi/lib/armv7-m\libstdc++_nano.a(del_op.o)
                              src\comlink\SerialLink.o (operator delete(void*))
d:/truestudio for stm32 9.0.0/armtools/bin/../lib/gcc/arm-atollic-eabi/6.3.1/../../../../arm-atollic-eabi/lib/armv7-m\libstdc++_nano.a(new_opv.o)
                              src\comlink\comprotocol\DefaultProtocol.o (operator new[](unsigned int))
d:/truestudio for stm32 9.0.0/armtools/bin/../lib/gcc/arm-atollic-eabi/6.3.1/../../../../arm-atollic-eabi/lib/armv7-m\libstdc++_nano.a(new_op.o)
                              d:/truestudio for stm32 9.0.0/armtools/bin/../lib/gcc/arm-atollic-eabi/6.3.1/../../../../arm-atollic-eabi/lib/armv7-m\libstdc++_nano.a(new_opv.o) (operator new(unsigned int))
d:/truestudio for stm32 9.0.0/armtools/bin/../lib/gcc/arm-atollic-eabi/6.3.1/../../../../arm-atollic-eabi/lib/armv7-m\libstdc++_nano.a(new_handler.o)
                              d:/truestudio for stm32 9.0.0/armtools/bin/../lib/gcc/arm-atollic-eabi/6.3.1/../../../../arm-atollic-eabi/lib/armv7-m\libstdc++_nano.a(new_op.o) (std::get_new_handler())
d:/truestudio for stm32 9.0.0/armtools/bin/../lib/gcc/arm-atollic-eabi/6.3.1/../../../../arm-atollic-eabi/lib/armv7-m\libc_nano.a(lib_a-abort.o)
                              d:/truestudio for stm32 9.0.0/armtools/bin/../lib/gcc/arm-atollic-eabi/6.3.1/../../../../arm-atollic-eabi/lib/armv7-m\libstdc++_nano.a(new_op.o) (abort)
d:/truestudio for stm32 9.0.0/armtools/bin/../lib/gcc/arm-atollic-eabi/6.3.1/../../../../arm-atollic-eabi/lib/armv7-m\libc_nano.a(lib_a-init.o)
                              src\system\startup_stm32f10x_md.o (__libc_init_array)
d:/truestudio for stm32 9.0.0/armtools/bin/../lib/gcc/arm-atollic-eabi/6.3.1/../../../../arm-atollic-eabi/lib/armv7-m\libc_nano.a(lib_a-malloc.o)
                              d:/truestudio for stm32 9.0.0/armtools/bin/../lib/gcc/arm-atollic-eabi/6.3.1/../../../../arm-atollic-eabi/lib/armv7-m\libstdc++_nano.a(new_op.o) (malloc)
d:/truestudio for stm32 9.0.0/armtools/bin/../lib/gcc/arm-atollic-eabi/6.3.1/../../../../arm-atollic-eabi/lib/armv7-m\libc_nano.a(lib_a-nano-freer.o)
                              d:/truestudio for stm32 9.0.0/armtools/bin/../lib/gcc/arm-atollic-eabi/6.3.1/../../../../arm-atollic-eabi/lib/armv7-m\libc_nano.a(lib_a-malloc.o) (_free_r)
d:/truestudio for stm32 9.0.0/armtools/bin/../lib/gcc/arm-atollic-eabi/6.3.1/../../../../arm-atollic-eabi/lib/armv7-m\libc_nano.a(lib_a-nano-mallocr.o)
                              d:/truestudio for stm32 9.0.0/armtools/bin/../lib/gcc/arm-atollic-eabi/6.3.1/../../../../arm-atollic-eabi/lib/armv7-m\libc_nano.a(lib_a-malloc.o) (_malloc_r)
d:/truestudio for stm32 9.0.0/armtools/bin/../lib/gcc/arm-atollic-eabi/6.3.1/../../../../arm-atollic-eabi/lib/armv7-m\libc_nano.a(lib_a-sbrkr.o)
                              d:/truestudio for stm32 9.0.0/armtools/bin/../lib/gcc/arm-atollic-eabi/6.3.1/../../../../arm-atollic-eabi/lib/armv7-m\libc_nano.a(lib_a-nano-mallocr.o) (_sbrk_r)
d:/truestudio for stm32 9.0.0/armtools/bin/../lib/gcc/arm-atollic-eabi/6.3.1/../../../../arm-atollic-eabi/lib/armv7-m\libc_nano.a(lib_a-signal.o)
                              d:/truestudio for stm32 9.0.0/armtools/bin/../lib/gcc/arm-atollic-eabi/6.3.1/../../../../arm-atollic-eabi/lib/armv7-m\libc_nano.a(lib_a-abort.o) (raise)
d:/truestudio for stm32 9.0.0/armtools/bin/../lib/gcc/arm-atollic-eabi/6.3.1/../../../../arm-atollic-eabi/lib/armv7-m\libc_nano.a(lib_a-signalr.o)
                              d:/truestudio for stm32 9.0.0/armtools/bin/../lib/gcc/arm-atollic-eabi/6.3.1/../../../../arm-atollic-eabi/lib/armv7-m\libc_nano.a(lib_a-signal.o) (_kill_r)
d:/truestudio for stm32 9.0.0/armtools/bin/../lib/gcc/arm-atollic-eabi/6.3.1/../../../../arm-atollic-eabi/lib/armv7-m\libc_nano.a(lib_a-strlen.o)
                              src\system\tiny_printf.o (strlen)
d:/truestudio for stm32 9.0.0/armtools/bin/../lib/gcc/arm-atollic-eabi/6.3.1/../../../../arm-atollic-eabi/lib/armv7-m\libc_nano.a(lib_a-impure.o)
                              d:/truestudio for stm32 9.0.0/armtools/bin/../lib/gcc/arm-atollic-eabi/6.3.1/../../../../arm-atollic-eabi/lib/armv7-m\libc_nano.a(lib_a-malloc.o) (_impure_ptr)
d:/truestudio for stm32 9.0.0/armtools/bin/../lib/gcc/arm-atollic-eabi/6.3.1/../../../../arm-atollic-eabi/lib/armv7-m\libc_nano.a(lib_a-mlock.o)
                              d:/truestudio for stm32 9.0.0/armtools/bin/../lib/gcc/arm-atollic-eabi/6.3.1/../../../../arm-atollic-eabi/lib/armv7-m\libc_nano.a(lib_a-nano-freer.o) (__malloc_lock)
d:/truestudio for stm32 9.0.0/armtools/bin/../lib/gcc/arm-atollic-eabi/6.3.1/../../../../arm-atollic-eabi/lib/armv7-m\libc_nano.a(lib_a-reent.o)
[...]
Memory Configuration

Name             Origin             Length             Attributes
FLASH            0x08000000         0x00010000         xr
RAM              0x20000000         0x00005000         xrw
MEMORY_B1        0x60000000         0x00000000         xr
*default*        0x00000000         0xffffffff

Linker script and memory map

LOAD d:/truestudio for stm32 9.0.0/armtools/bin/../lib/gcc/arm-atollic-eabi/6.3.1/armv7-m/crti.o
LOAD d:/truestudio for stm32 9.0.0/armtools/bin/../lib/gcc/arm-atollic-eabi/6.3.1/armv7-m/crtbegin.o
LOAD Libraries\STM32F10x_StdPeriph_Driver\src\misc.o
LOAD Libraries\STM32F10x_StdPeriph_Driver\src\stm32f10x_adc.o
LOAD Libraries\STM32F10x_StdPeriph_Driver\src\stm32f10x_bkp.o
LOAD Libraries\STM32F10x_StdPeriph_Driver\src\stm32f10x_can.o
LOAD Libraries\STM32F10x_StdPeriph_Driver\src\stm32f10x_cec.o
LOAD Libraries\STM32F10x_StdPeriph_Driver\src\stm32f10x_crc.o
LOAD Libraries\STM32F10x_StdPeriph_Driver\src\stm32f10x_dac.o
LOAD Libraries\STM32F10x_StdPeriph_Driver\src\stm32f10x_dbgmcu.o
LOAD Libraries\STM32F10x_StdPeriph_Driver\src\stm32f10x_dma.o
LOAD Libraries\STM32F10x_StdPeriph_Driver\src\stm32f10x_exti.o
LOAD Libraries\STM32F10x_StdPeriph_Driver\src\stm32f10x_flash.o
LOAD Libraries\STM32F10x_StdPeriph_Driver\src\stm32f10x_fsmc.o
LOAD Libraries\STM32F10x_StdPeriph_Driver\src\stm32f10x_gpio.o
LOAD Libraries\STM32F10x_StdPeriph_Driver\src\stm32f10x_i2c.o
LOAD Libraries\STM32F10x_StdPeriph_Driver\src\stm32f10x_iwdg.o
LOAD Libraries\STM32F10x_StdPeriph_Driver\src\stm32f10x_pwr.o
LOAD Libraries\STM32F10x_StdPeriph_Driver\src\stm32f10x_rcc.o
LOAD Libraries\STM32F10x_StdPeriph_Driver\src\stm32f10x_rtc.o
LOAD Libraries\STM32F10x_StdPeriph_Driver\src\stm32f10x_sdio.o
LOAD Libraries\STM32F10x_StdPeriph_Driver\src\stm32f10x_spi.o
LOAD Libraries\STM32F10x_StdPeriph_Driver\src\stm32f10x_tim.o
LOAD Libraries\STM32F10x_StdPeriph_Driver\src\stm32f10x_usart.o
LOAD Libraries\STM32F10x_StdPeriph_Driver\src\stm32f10x_wwdg.o
LOAD src\CommandReceiver.o
LOAD src\comlink\SerialLink.o
LOAD src\comlink\comprotocol\DefaultProtocol.o
LOAD src\main.o
LOAD src\system\startup_stm32f10x_md.o
LOAD src\system\stm32f1xx_it.o
LOAD src\system\system_stm32f10x.o
LOAD src\system\tiny_printf.o
                0x00001000                malloc_getpagesize_P = 0x1000
START GROUP
LOAD d:/truestudio for stm32 9.0.0/armtools/bin/../lib/gcc/arm-atollic-eabi/6.3.1/../../../../arm-atollic-eabi/lib/armv7-m\libstdc++_nano.a
LOAD d:/truestudio for stm32 9.0.0/armtools/bin/../lib/gcc/arm-atollic-eabi/6.3.1/../../../../arm-atollic-eabi/lib/armv7-m\libsupc++_nano.a
END GROUP
LOAD d:/truestudio for stm32 9.0.0/armtools/bin/../lib/gcc/arm-atollic-eabi/6.3.1/../../../../arm-atollic-eabi/lib/armv7-m\libstdc++_nano.a
LOAD d:/truestudio for stm32 9.0.0/armtools/bin/../lib/gcc/arm-atollic-eabi/6.3.1/../../../../arm-atollic-eabi/lib/armv7-m\libm.a
LOAD d:/truestudio for stm32 9.0.0/armtools/bin/../lib/gcc/arm-atollic-eabi/6.3.1/../../../../arm-atollic-eabi/lib/armv7-m\libc_nano.a
START GROUP
LOAD d:/truestudio for stm32 9.0.0/armtools/bin/../lib/gcc/arm-atollic-eabi/6.3.1/armv7-m\libgcc.a
LOAD d:/truestudio for stm32 9.0.0/armtools/bin/../lib/gcc/arm-atollic-eabi/6.3.1/../../../../arm-atollic-eabi/lib/armv7-m\libc_nano.a
END GROUP
START GROUP
LOAD d:/truestudio for stm32 9.0.0/armtools/bin/../lib/gcc/arm-atollic-eabi/6.3.1/armv7-m\libgcc.a
LOAD d:/truestudio for stm32 9.0.0/armtools/bin/../lib/gcc/arm-atollic-eabi/6.3.1/../../../../arm-atollic-eabi/lib/armv7-m\libc_nano.a
LOAD d:/truestudio for stm32 9.0.0/armtools/bin/../lib/gcc/arm-atollic-eabi/6.3.1/../../../../arm-atollic-eabi/lib/armv7-m\libnosys.a
END GROUP
START GROUP
LOAD d:/truestudio for stm32 9.0.0/armtools/bin/../lib/gcc/arm-atollic-eabi/6.3.1/armv7-m\libgcc.a
LOAD d:/truestudio for stm32 9.0.0/armtools/bin/../lib/gcc/arm-atollic-eabi/6.3.1/../../../../arm-atollic-eabi/lib/armv7-m\libc_nano.a
LOAD d:/truestudio for stm32 9.0.0/armtools/bin/../lib/gcc/arm-atollic-eabi/6.3.1/../../../../arm-atollic-eabi/lib/armv7-m\libnosys.a
END GROUP
LOAD d:/truestudio for stm32 9.0.0/armtools/bin/../lib/gcc/arm-atollic-eabi/6.3.1/armv7-m/crtend.o
LOAD d:/truestudio for stm32 9.0.0/armtools/bin/../lib/gcc/arm-atollic-eabi/6.3.1/armv7-m/crtn.o
                0x20005000                _estack = 0x20005000
                0x00000000                _Min_Heap_Size = 0x0
                0x00000100                _Min_Stack_Size = 0x100

.isr_vector     0x08000000      0x10c
                0x08000000                . = ALIGN (0x4)
 *(.isr_vector)
 .isr_vector    0x08000000      0x10c src\system\startup_stm32f10x_md.o
                0x08000000                g_pfnVectors
                0x0800010c                . = ALIGN (0x4)

.text           0x0800010c      0x864
                0x0800010c                . = ALIGN (0x4)
 *(.text)
 .text          0x0800010c       0x40 d:/truestudio for stm32 9.0.0/armtools/bin/../lib/gcc/arm-atollic-eabi/6.3.1/armv7-m/crtbegin.o
 *(.text*)
 .text.GPIO_Init
                0x0800014c       0xbc Libraries\STM32F10x_StdPeriph_Driver\src\stm32f10x_gpio.o
                0x0800014c                GPIO_Init
 .text.RCC_GetClocksFreq
                0x08000208       0x9c Libraries\STM32F10x_StdPeriph_Driver\src\stm32f10x_rcc.o
                0x08000208                RCC_GetClocksFreq
 .text.RCC_APB2PeriphClockCmd
                0x080002a4       0x18 Libraries\STM32F10x_StdPeriph_Driver\src\stm32f10x_rcc.o
                0x080002a4                RCC_APB2PeriphClockCmd
 .text.USART_Init
                0x080002bc       0xbc Libraries\STM32F10x_StdPeriph_Driver\src\stm32f10x_usart.o
                0x080002bc                USART_Init
 .text.USART_Cmd
                0x08000378       0x1c Libraries\STM32F10x_StdPeriph_Driver\src\stm32f10x_usart.o
                0x08000378                USART_Cmd
 .text.USART_SendData
                0x08000394        0x8 Libraries\STM32F10x_StdPeriph_Driver\src\stm32f10x_usart.o
                0x08000394                USART_SendData
 .text.USART_GetFlagStatus
                0x0800039c        0xc Libraries\STM32F10x_StdPeriph_Driver\src\stm32f10x_usart.o
                0x0800039c                USART_GetFlagStatus
 .text._ZN15CommandReceiverC2Ev
                0x080003a8       0x28 src\CommandReceiver.o
                0x080003a8                CommandReceiver::CommandReceiver()
                0x080003a8                CommandReceiver::CommandReceiver()
 .text._ZN15CommandReceiver17registerComponentEhP12ICommandable
                0x080003d0       0x38 src\CommandReceiver.o
                0x080003d0                CommandReceiver::registerComponent(unsigned char, ICommandable*)
 .text._ZN15CommandReceiver7processEc
                0x08000408      0x128 src\CommandReceiver.o
                0x08000408                CommandReceiver::process(char)
 .text._ZN10SerialLinkD2Ev
                0x08000530        0x4 src\comlink\SerialLink.o
                0x08000530                SerialLink::~SerialLink()
                0x08000530                SerialLink::~SerialLink()
 .text._ZN10SerialLinkD0Ev
                0x08000534        0xc src\comlink\SerialLink.o
                0x08000534                SerialLink::~SerialLink()
 .text._ZN10SerialLink10initializeEv
                0x08000540       0x88 src\comlink\SerialLink.o
                0x08000540                SerialLink::initialize()
 .text._ZN10SerialLink5writeEPhm
                0x080005c8       0x2c src\comlink\SerialLink.o
                0x080005c8                SerialLink::write(unsigned char*, unsigned long)
 .text._ZN10SerialLink4readEv
                0x080005f4       0x1c src\comlink\SerialLink.o
                0x080005f4                SerialLink::read()
 .text._ZN10TestTarget10initializeEv
                0x08000610        0x4 src\main.o
                0x08000610                TestTarget::initialize()
 .text._ZN10TestTarget17startProcessCycleEv
                0x08000614        0x4 src\main.o
                0x08000614                TestTarget::startProcessCycle()
 .text._ZN10TestTarget17waitForCycleToEndEv
                0x08000618        0x4 src\main.o
                0x08000618                TestTarget::waitForCycleToEnd()
 .text._ZN10TestTarget6acceptEv
                0x0800061c       0x30 src\main.o
                0x0800061c                TestTarget::accept()
 .text._ZN10TestTargetD2Ev
                0x0800064c        0x4 src\main.o
                0x0800064c                TestTarget::~TestTarget()
                0x0800064c                TestTarget::~TestTarget()
 .text._ZN11CommandableILm128EE16getCommandBufferEv
                0x08000650        0x4 src\main.o
                0x08000650                Commandable<128ul>::getCommandBuffer()
 .text._ZN11CommandableILm128EE20getCommandBufferSizeEv
                0x08000654        0x8 src\main.o
                0x08000654                Commandable<128ul>::getCommandBufferSize()
 .text._ZN10TestTargetD0Ev
                0x0800065c        0xc src\main.o
                0x0800065c                TestTarget::~TestTarget()
 .text.startup.main
                0x08000668       0x7c src\main.o
                0x08000668                main
 .text.Reset_Handler
                0x080006e4       0x50 src\system\startup_stm32f10x_md.o
                0x080006e4                Reset_Handler
 .text.Default_Handler
                0x08000734        0x2 src\system\startup_stm32f10x_md.o
                0x08000734                EXTI2_IRQHandler
                0x08000734                TIM1_CC_IRQHandler
                0x08000734                PVD_IRQHandler
                0x08000734                EXTI3_IRQHandler
                0x08000734                EXTI0_IRQHandler
                0x08000734                I2C2_EV_IRQHandler
                0x08000734                ADC1_2_IRQHandler
                0x08000734                SPI1_IRQHandler
                0x08000734                TAMPER_IRQHandler
                0x08000734                DMA1_Channel4_IRQHandler
                0x08000734                USART3_IRQHandler
                0x08000734                RTC_IRQHandler
                0x08000734                DMA1_Channel7_IRQHandler
                0x08000734                CAN1_RX1_IRQHandler
                0x08000734                TIM4_IRQHandler
                0x08000734                I2C1_EV_IRQHandler
                0x08000734                DMA1_Channel6_IRQHandler
                0x08000734                TIM3_IRQHandler
                0x08000734                RCC_IRQHandler
                0x08000734                TIM1_TRG_COM_IRQHandler
                0x08000734                DMA1_Channel1_IRQHandler
                0x08000734                Default_Handler
                0x08000734                EXTI15_10_IRQHandler
                0x08000734                EXTI9_5_IRQHandler
                0x08000734                SPI2_IRQHandler
                0x08000734                DMA1_Channel5_IRQHandler
                0x08000734                EXTI4_IRQHandler
                0x08000734                USB_LP_CAN1_RX0_IRQHandler
                0x08000734                USB_HP_CAN1_TX_IRQHandler
                0x08000734                DMA1_Channel3_IRQHandler
                0x08000734                TIM1_UP_IRQHandler
                0x08000734                WWDG_IRQHandler
                0x08000734                TIM2_IRQHandler
                0x08000734                TIM1_BRK_IRQHandler
                0x08000734                EXTI1_IRQHandler
                0x08000734                RTCAlarm_IRQHandler
                0x08000734                USART2_IRQHandler
                0x08000734                I2C2_ER_IRQHandler
                0x08000734                DMA1_Channel2_IRQHandler
                0x08000734                CAN1_SCE_IRQHandler
                0x08000734                FLASH_IRQHandler
                0x08000734                USART1_IRQHandler
                0x08000734                I2C1_ER_IRQHandler
                0x08000734                USBWakeUp_IRQHandler
 *fill*         0x08000736        0x2 
 .text.NMI_Handler
                0x08000738        0x4 src\system\stm32f1xx_it.o
                0x08000738                NMI_Handler
 .text.HardFault_Handler
                0x0800073c        0x4 src\system\stm32f1xx_it.o
                0x0800073c                HardFault_Handler
 .text.MemManage_Handler
                0x08000740        0x4 src\system\stm32f1xx_it.o
                0x08000740                MemManage_Handler
 .text.BusFault_Handler
                0x08000744        0x4 src\system\stm32f1xx_it.o
                0x08000744                BusFault_Handler
 .text.UsageFault_Handler
                0x08000748        0x4 src\system\stm32f1xx_it.o
                0x08000748                UsageFault_Handler
 .text.SVC_Handler
                0x0800074c        0x4 src\system\stm32f1xx_it.o
                0x0800074c                SVC_Handler
 .text.DebugMon_Handler
                0x08000750        0x4 src\system\stm32f1xx_it.o
                0x08000750                DebugMon_Handler
 .text.PendSV_Handler
                0x08000754        0x4 src\system\stm32f1xx_it.o
                0x08000754                PendSV_Handler
 .text.SysTick_Handler
                0x08000758        0x4 src\system\stm32f1xx_it.o
                0x08000758                SysTick_Handler
 .text.SystemInit
                0x0800075c      0x104 src\system\system_stm32f10x.o
                0x0800075c                SystemInit
 .text._ZdlPv   0x08000860        0x4 d:/truestudio for stm32 9.0.0/armtools/bin/../lib/gcc/arm-atollic-eabi/6.3.1/../../../../arm-atollic-eabi/lib/armv7-m\libstdc++_nano.a(del_op.o)
                0x08000860                operator delete(void*)
 .text.__libc_init_array
                0x08000864       0x48 d:/truestudio for stm32 9.0.0/armtools/bin/../lib/gcc/arm-atollic-eabi/6.3.1/../../../../arm-atollic-eabi/lib/armv7-m\libc_nano.a(lib_a-init.o)
                0x08000864                __libc_init_array
 .text.free     0x080008ac       0x10 d:/truestudio for stm32 9.0.0/armtools/bin/../lib/gcc/arm-atollic-eabi/6.3.1/../../../../arm-atollic-eabi/lib/armv7-m\libc_nano.a(lib_a-malloc.o)
                0x080008ac                free
 .text._free_r  0x080008bc       0x98 d:/truestudio for stm32 9.0.0/armtools/bin/../lib/gcc/arm-atollic-eabi/6.3.1/../../../../arm-atollic-eabi/lib/armv7-m\libc_nano.a(lib_a-nano-freer.o)
                0x080008bc                _free_r
 .text.__malloc_lock
                0x08000954        0x2 d:/truestudio for stm32 9.0.0/armtools/bin/../lib/gcc/arm-atollic-eabi/6.3.1/../../../../arm-atollic-eabi/lib/armv7-m\libc_nano.a(lib_a-mlock.o)
                0x08000954                __malloc_lock
 .text.__malloc_unlock
                0x08000956        0x2 d:/truestudio for stm32 9.0.0/armtools/bin/../lib/gcc/arm-atollic-eabi/6.3.1/../../../../arm-atollic-eabi/lib/armv7-m\libc_nano.a(lib_a-mlock.o)
                0x08000956                __malloc_unlock
 *(.glue_7)
 .glue_7        0x08000958        0x0 linker stubs
 *(.glue_7t)
 .glue_7t       0x08000958        0x0 linker stubs
 *(.eh_frame)
 .eh_frame      0x08000958        0x0 d:/truestudio for stm32 9.0.0/armtools/bin/../lib/gcc/arm-atollic-eabi/6.3.1/armv7-m/crtbegin.o
 *(.init)
 .init          0x08000958        0x4 d:/truestudio for stm32 9.0.0/armtools/bin/../lib/gcc/arm-atollic-eabi/6.3.1/armv7-m/crti.o
                0x08000958                _init
 .init          0x0800095c        0x8 d:/truestudio for stm32 9.0.0/armtools/bin/../lib/gcc/arm-atollic-eabi/6.3.1/armv7-m/crtn.o
 *(.fini)
 .fini          0x08000964        0x4 d:/truestudio for stm32 9.0.0/armtools/bin/../lib/gcc/arm-atollic-eabi/6.3.1/armv7-m/crti.o
                0x08000964                _fini
 .fini          0x08000968        0x8 d:/truestudio for stm32 9.0.0/armtools/bin/../lib/gcc/arm-atollic-eabi/6.3.1/armv7-m/crtn.o
                0x08000970                . = ALIGN (0x4)
                0x08000970                _etext = .

.vfp11_veneer   0x08000970        0x0
 .vfp11_veneer  0x08000970        0x0 linker stubs

.v4_bx          0x08000970        0x0
 .v4_bx         0x08000970        0x0 linker stubs

.iplt           0x08000970        0x0
 .iplt          0x08000970        0x0 d:/truestudio for stm32 9.0.0/armtools/bin/../lib/gcc/arm-atollic-eabi/6.3.1/armv7-m/crtbegin.o

.rodata         0x08000970       0x44
                0x08000970                . = ALIGN (0x4)
 *(.rodata)
 *(.rodata*)
 .rodata._ZTV10SerialLink
                0x08000970       0x1c src\comlink\SerialLink.o
                0x08000970                vtable for SerialLink
 .rodata._ZTV10TestTarget
                0x0800098c       0x28 src\main.o
                0x0800098c                vtable for TestTarget
                0x080009b4                . = ALIGN (0x4)

.rel.dyn        0x080009b4        0x0
 .rel.iplt      0x080009b4        0x0 d:/truestudio for stm32 9.0.0/armtools/bin/../lib/gcc/arm-atollic-eabi/6.3.1/armv7-m/crtbegin.o

.ARM.extab
 *(.ARM.extab* .gnu.linkonce.armextab.*)

.ARM            0x080009b4        0x0
                0x080009b4                __exidx_start = .
 *(.ARM.exidx*)
                0x080009b4                __exidx_end = .

.preinit_array  0x080009b4        0x0
                0x080009b4                PROVIDE (__preinit_array_start, .)
 *(.preinit_array*)
                0x080009b4                PROVIDE (__preinit_array_end, .)

.init_array     0x080009b4        0x4
                0x080009b4                PROVIDE (__init_array_start, .)
 *(SORT(.init_array.*))
 *(.init_array*)
 .init_array    0x080009b4        0x4 d:/truestudio for stm32 9.0.0/armtools/bin/../lib/gcc/arm-atollic-eabi/6.3.1/armv7-m/crtbegin.o
                0x080009b8                PROVIDE (__init_array_end, .)

.fini_array     0x080009b8        0x4
                [!provide]                PROVIDE (__fini_array_start, .)
 *(SORT(.fini_array.*))
 *(.fini_array*)
 .fini_array    0x080009b8        0x4 d:/truestudio for stm32 9.0.0/armtools/bin/../lib/gcc/arm-atollic-eabi/6.3.1/armv7-m/crtbegin.o
                [!provide]                PROVIDE (__fini_array_end, .)
                0x080009bc                _sidata = LOADADDR (.data)

.data           0x20000000       0x78 load address 0x080009bc
                0x20000000                . = ALIGN (0x4)
                0x20000000                _sdata = .
 *(.data)
 *(.data*)
 .data.ADCPrescTable
                0x20000000        0x4 Libraries\STM32F10x_StdPeriph_Driver\src\stm32f10x_rcc.o
 .data.APBAHBPrescTable
                0x20000004       0x10 Libraries\STM32F10x_StdPeriph_Driver\src\stm32f10x_rcc.o
 .data._impure_ptr
                0x20000014        0x4 d:/truestudio for stm32 9.0.0/armtools/bin/../lib/gcc/arm-atollic-eabi/6.3.1/../../../../arm-atollic-eabi/lib/armv7-m\libc_nano.a(lib_a-impure.o)
                0x20000014                _impure_ptr
 .data.impure_data
                0x20000018       0x60 d:/truestudio for stm32 9.0.0/armtools/bin/../lib/gcc/arm-atollic-eabi/6.3.1/../../../../arm-atollic-eabi/lib/armv7-m\libc_nano.a(lib_a-impure.o)
                0x20000078                . = ALIGN (0x4)
                0x20000078                _edata = .

.igot.plt       0x20000078        0x0 load address 0x08000a34
 .igot.plt      0x20000078        0x0 d:/truestudio for stm32 9.0.0/armtools/bin/../lib/gcc/arm-atollic-eabi/6.3.1/armv7-m/crtbegin.o
                0x20000078                . = ALIGN (0x4)

.bss            0x20000078       0x20 load address 0x08000a34
                0x20000078                _sbss = .
                0x20000078                __bss_start__ = _sbss
 *(.bss)
 .bss           0x20000078       0x1c d:/truestudio for stm32 9.0.0/armtools/bin/../lib/gcc/arm-atollic-eabi/6.3.1/armv7-m/crtbegin.o
 *(.bss*)
 .bss.__malloc_free_list
                0x20000094        0x4 d:/truestudio for stm32 9.0.0/armtools/bin/../lib/gcc/arm-atollic-eabi/6.3.1/../../../../arm-atollic-eabi/lib/armv7-m\libc_nano.a(lib_a-nano-mallocr.o)
                0x20000094                __malloc_free_list
 *(COMMON)
                0x20000098                . = ALIGN (0x4)
                0x20000098                _ebss = .
                0x20000098                __bss_end__ = _ebss

._user_heap_stack
                0x20000098      0x100 load address 0x08000a34
                0x20000098                . = ALIGN (0x4)
                0x20000098                PROVIDE (end, .)
                [!provide]                PROVIDE (_end, .)
                0x20000098                . = (. + _Min_Heap_Size)
                0x20000198                . = (. + _Min_Stack_Size)
 *fill*         0x20000098      0x100 
                0x20000198                . = ALIGN (0x4)

.memory_b1_text
 *(.mb1text)
 *(.mb1text*)
 *(.mb1rodata)
 *(.mb1rodata*)

/DISCARD/
 libc.a(*)
 libm.a(*)
 libgcc.a(*)

.ARM.attributes
                0x00000000       0x29
 *(.ARM.attributes)
 .ARM.attributes
                0x00000000       0x1d d:/truestudio for stm32 9.0.0/armtools/bin/../lib/gcc/arm-atollic-eabi/6.3.1/armv7-m/crti.o
 .ARM.attributes
                0x0000001d       0x2d d:/truestudio for stm32 9.0.0/armtools/bin/../lib/gcc/arm-atollic-eabi/6.3.1/armv7-m/crtbegin.o
 .ARM.attributes
                0x0000004a       0x33 Libraries\STM32F10x_StdPeriph_Driver\src\stm32f10x_gpio.o
 .ARM.attributes
                0x0000007d       0x33 Libraries\STM32F10x_StdPeriph_Driver\src\stm32f10x_rcc.o
 .ARM.attributes
                0x000000b0       0x33 Libraries\STM32F10x_StdPeriph_Driver\src\stm32f10x_usart.o
 .ARM.attributes
                0x000000e3       0x33 src\CommandReceiver.o
 .ARM.attributes
                0x00000116       0x33 src\comlink\SerialLink.o
 .ARM.attributes
                0x00000149       0x33 src\main.o
 .ARM.attributes
                0x0000017c       0x21 src\system\startup_stm32f10x_md.o
 .ARM.attributes
                0x0000019d       0x33 src\system\stm32f1xx_it.o
 .ARM.attributes
                0x000001d0       0x33 src\system\system_stm32f10x.o
 .ARM.attributes
                0x00000203       0x2d d:/truestudio for stm32 9.0.0/armtools/bin/../lib/gcc/arm-atollic-eabi/6.3.1/../../../../arm-atollic-eabi/lib/armv7-m\libstdc++_nano.a(del_op.o)
 .ARM.attributes
                0x00000230       0x2d d:/truestudio for stm32 9.0.0/armtools/bin/../lib/gcc/arm-atollic-eabi/6.3.1/../../../../arm-atollic-eabi/lib/armv7-m\libc_nano.a(lib_a-init.o)
 .ARM.attributes
                0x0000025d       0x2d d:/truestudio for stm32 9.0.0/armtools/bin/../lib/gcc/arm-atollic-eabi/6.3.1/../../../../arm-atollic-eabi/lib/armv7-m\libc_nano.a(lib_a-malloc.o)
 .ARM.attributes
                0x0000028a       0x2d d:/truestudio for stm32 9.0.0/armtools/bin/../lib/gcc/arm-atollic-eabi/6.3.1/../../../../arm-atollic-eabi/lib/armv7-m\libc_nano.a(lib_a-nano-freer.o)
 .ARM.attributes
                0x000002b7       0x2d d:/truestudio for stm32 9.0.0/armtools/bin/../lib/gcc/arm-atollic-eabi/6.3.1/../../../../arm-atollic-eabi/lib/armv7-m\libc_nano.a(lib_a-nano-mallocr.o)
 .ARM.attributes
                0x000002e4       0x2d d:/truestudio for stm32 9.0.0/armtools/bin/../lib/gcc/arm-atollic-eabi/6.3.1/../../../../arm-atollic-eabi/lib/armv7-m\libc_nano.a(lib_a-impure.o)
 .ARM.attributes
                0x00000311       0x2d d:/truestudio for stm32 9.0.0/armtools/bin/../lib/gcc/arm-atollic-eabi/6.3.1/../../../../arm-atollic-eabi/lib/armv7-m\libc_nano.a(lib_a-mlock.o)
 .ARM.attributes
                0x0000033e       0x1d d:/truestudio for stm32 9.0.0/armtools/bin/../lib/gcc/arm-atollic-eabi/6.3.1/armv7-m/crtn.o
OUTPUT(prof-port.elf elf32-littlearm)

.debug_info     0x00000000     0x4345
 .debug_info    0x00000000      0x89a Libraries\STM32F10x_StdPeriph_Driver\src\stm32f10x_gpio.o
 .debug_info    0x0000089a      0x94b Libraries\STM32F10x_StdPeriph_Driver\src\stm32f10x_rcc.o
 .debug_info    0x000011e5      0xb35 Libraries\STM32F10x_StdPeriph_Driver\src\stm32f10x_usart.o
 .debug_info    0x00001d1a      0x87c src\CommandReceiver.o
 .debug_info    0x00002596      0x7a1 src\comlink\SerialLink.o
 .debug_info    0x00002d37      0xfa2 src\main.o
 .debug_info    0x00003cd9       0x6f src\system\startup_stm32f10x_md.o
 .debug_info    0x00003d48      0x132 src\system\stm32f1xx_it.o
 .debug_info    0x00003e7a      0x4cb src\system\system_stm32f10x.o

.debug_abbrev   0x00000000     0x1235
 .debug_abbrev  0x00000000      0x213 Libraries\STM32F10x_StdPeriph_Driver\src\stm32f10x_gpio.o
 .debug_abbrev  0x00000213      0x27f Libraries\STM32F10x_StdPeriph_Driver\src\stm32f10x_rcc.o
 .debug_abbrev  0x00000492      0x1f7 Libraries\STM32F10x_StdPeriph_Driver\src\stm32f10x_usart.o
 .debug_abbrev  0x00000689      0x2e0 src\CommandReceiver.o
 .debug_abbrev  0x00000969      0x2c1 src\comlink\SerialLink.o
 .debug_abbrev  0x00000c2a      0x3c5 src\main.o
 .debug_abbrev  0x00000fef       0x12 src\system\startup_stm32f10x_md.o
 .debug_abbrev  0x00001001       0xa8 src\system\stm32f1xx_it.o
 .debug_abbrev  0x000010a9      0x18c src\system\system_stm32f10x.o

.debug_loc      0x00000000     0x1b72
 .debug_loc     0x00000000      0x597 Libraries\STM32F10x_StdPeriph_Driver\src\stm32f10x_gpio.o
 .debug_loc     0x00000597      0x705 Libraries\STM32F10x_StdPeriph_Driver\src\stm32f10x_rcc.o
 .debug_loc     0x00000c9c      0x811 Libraries\STM32F10x_StdPeriph_Driver\src\stm32f10x_usart.o
 .debug_loc     0x000014ad      0x391 src\CommandReceiver.o
 .debug_loc     0x0000183e      0x138 src\comlink\SerialLink.o
 .debug_loc     0x00001976      0x140 src\main.o
 .debug_loc     0x00001ab6       0xbc src\system\system_stm32f10x.o

.debug_aranges  0x00000000      0x428
 .debug_aranges
                0x00000000       0xa8 Libraries\STM32F10x_StdPeriph_Driver\src\stm32f10x_gpio.o
 .debug_aranges
                0x000000a8      0x118 Libraries\STM32F10x_StdPeriph_Driver\src\stm32f10x_rcc.o
 .debug_aranges
                0x000001c0      0x100 Libraries\STM32F10x_StdPeriph_Driver\src\stm32f10x_usart.o
 .debug_aranges
                0x000002c0       0x38 src\CommandReceiver.o
 .debug_aranges
                0x000002f8       0x40 src\comlink\SerialLink.o
 .debug_aranges
                0x00000338       0x60 src\main.o
 .debug_aranges
                0x00000398       0x28 src\system\startup_stm32f10x_md.o
 .debug_aranges
                0x000003c0       0x40 src\system\stm32f1xx_it.o
 .debug_aranges
                0x00000400       0x28 src\system\system_stm32f10x.o

.debug_ranges   0x00000000      0x590
 .debug_ranges  0x00000000       0x98 Libraries\STM32F10x_StdPeriph_Driver\src\stm32f10x_gpio.o
 .debug_ranges  0x00000098      0x128 Libraries\STM32F10x_StdPeriph_Driver\src\stm32f10x_rcc.o
 .debug_ranges  0x000001c0       0xf0 Libraries\STM32F10x_StdPeriph_Driver\src\stm32f10x_usart.o
 .debug_ranges  0x000002b0      0x120 src\CommandReceiver.o
 .debug_ranges  0x000003d0       0x48 src\comlink\SerialLink.o
 .debug_ranges  0x00000418       0xe8 src\main.o
 .debug_ranges  0x00000500       0x20 src\system\startup_stm32f10x_md.o
 .debug_ranges  0x00000520       0x30 src\system\stm32f1xx_it.o
 .debug_ranges  0x00000550       0x40 src\system\system_stm32f10x.o

.debug_line     0x00000000     0x1898
 .debug_line    0x00000000      0x3d5 Libraries\STM32F10x_StdPeriph_Driver\src\stm32f10x_gpio.o
 .debug_line    0x000003d5      0x4c1 Libraries\STM32F10x_StdPeriph_Driver\src\stm32f10x_rcc.o
 .debug_line    0x00000896      0x4c3 Libraries\STM32F10x_StdPeriph_Driver\src\stm32f10x_usart.o
 .debug_line    0x00000d59      0x21a src\CommandReceiver.o
 .debug_line    0x00000f73      0x26a src\comlink\SerialLink.o
 .debug_line    0x000011dd      0x29b src\main.o
 .debug_line    0x00001478       0x83 src\system\startup_stm32f10x_md.o
 .debug_line    0x000014fb      0x1a7 src\system\stm32f1xx_it.o
 .debug_line    0x000016a2      0x1f6 src\system\system_stm32f10x.o

.debug_str      0x00000000     0x1bf3
 .debug_str     0x00000000      0x4ea Libraries\STM32F10x_StdPeriph_Driver\src\stm32f10x_gpio.o
                                0x591 (size before relaxing)
 .debug_str     0x000004ea      0x436 Libraries\STM32F10x_StdPeriph_Driver\src\stm32f10x_rcc.o
                                0x67b (size before relaxing)
 .debug_str     0x00000920      0x446 Libraries\STM32F10x_StdPeriph_Driver\src\stm32f10x_usart.o
                                0x731 (size before relaxing)
 .debug_str     0x00000d66      0x64e src\CommandReceiver.o
                                0x75f (size before relaxing)
 .debug_str     0x000013b4      0x211 src\comlink\SerialLink.o
                                0x69c (size before relaxing)
 .debug_str     0x000015c5      0x4ab src\main.o
                                0xc48 (size before relaxing)
 .debug_str     0x00001a70       0xad src\system\stm32f1xx_it.o
                                0x247 (size before relaxing)
 .debug_str     0x00001b1d       0xd6 src\system\system_stm32f10x.o
                                0x323 (size before relaxing)

.comment        0x00000000       0x7c
 .comment       0x00000000       0x7c Libraries\STM32F10x_StdPeriph_Driver\src\stm32f10x_gpio.o
                                 0x7d (size before relaxing)
 .comment       0x0000007c       0x7d Libraries\STM32F10x_StdPeriph_Driver\src\stm32f10x_rcc.o
 .comment       0x0000007c       0x7d Libraries\STM32F10x_StdPeriph_Driver\src\stm32f10x_usart.o
 .comment       0x0000007c       0x7d src\CommandReceiver.o
 .comment       0x0000007c       0x7d src\comlink\SerialLink.o
 .comment       0x0000007c       0x7d src\main.o
 .comment       0x0000007c       0x7d src\system\stm32f1xx_it.o
 .comment       0x0000007c       0x7d src\system\system_stm32f10x.o

.debug_frame    0x00000000      0xa24
 .debug_frame   0x00000000      0x1b0 Libraries\STM32F10x_StdPeriph_Driver\src\stm32f10x_gpio.o
 .debug_frame   0x000001b0      0x228 Libraries\STM32F10x_StdPeriph_Driver\src\stm32f10x_rcc.o
 .debug_frame   0x000003d8      0x258 Libraries\STM32F10x_StdPeriph_Driver\src\stm32f10x_usart.o
 .debug_frame   0x00000630       0xa4 src\CommandReceiver.o
 .debug_frame   0x000006d4       0x94 src\comlink\SerialLink.o
 .debug_frame   0x00000768       0xc4 src\main.o
 .debug_frame   0x0000082c       0xa0 src\system\stm32f1xx_it.o
 .debug_frame   0x000008cc       0x48 src\system\system_stm32f10x.o
 .debug_frame   0x00000914       0x20 d:/truestudio for stm32 9.0.0/armtools/bin/../lib/gcc/arm-atollic-eabi/6.3.1/../../../../arm-atollic-eabi/lib/armv7-m\libstdc++_nano.a(del_op.o)
 .debug_frame   0x00000934       0x2c d:/truestudio for stm32 9.0.0/armtools/bin/../lib/gcc/arm-atollic-eabi/6.3.1/../../../../arm-atollic-eabi/lib/armv7-m\libc_nano.a(lib_a-init.o)
 .debug_frame   0x00000960       0x30 d:/truestudio for stm32 9.0.0/armtools/bin/../lib/gcc/arm-atollic-eabi/6.3.1/../../../../arm-atollic-eabi/lib/armv7-m\libc_nano.a(lib_a-malloc.o)
 .debug_frame   0x00000990       0x38 d:/truestudio for stm32 9.0.0/armtools/bin/../lib/gcc/arm-atollic-eabi/6.3.1/../../../../arm-atollic-eabi/lib/armv7-m\libc_nano.a(lib_a-nano-freer.o)
 .debug_frame   0x000009c8       0x2c d:/truestudio for stm32 9.0.0/armtools/bin/../lib/gcc/arm-atollic-eabi/6.3.1/../../../../arm-atollic-eabi/lib/armv7-m\libc_nano.a(lib_a-nano-mallocr.o)
 .debug_frame   0x000009f4       0x30 d:/truestudio for stm32 9.0.0/armtools/bin/../lib/gcc/arm-atollic-eabi/6.3.1/../../../../arm-atollic-eabi/lib/armv7-m\libc_nano.a(lib_a-mlock.o)

.stabstr        0x00000000       0xac
 .stabstr       0x00000000       0xac d:/truestudio for stm32 9.0.0/armtools/bin/../lib/gcc/arm-atollic-eabi/6.3.1/../../../../arm-atollic-eabi/lib/armv7-m\libnosys.a(getpid.o)

Cross Reference Table

Symbol                                            File
ADC1_2_IRQHandler                                 src\system\startup_stm32f10x_md.o
ADC_AnalogWatchdogCmd                             Libraries\STM32F10x_StdPeriph_Driver\src\stm32f10x_adc.o
ADC_AnalogWatchdogSingleChannelConfig             Libraries\STM32F10x_StdPeriph_Driver\src\stm32f10x_adc.o
ADC_AnalogWatchdogThresholdsConfig                Libraries\STM32F10x_StdPeriph_Driver\src\stm32f10x_adc.o
ADC_AutoInjectedConvCmd                           Libraries\STM32F10x_StdPeriph_Driver\src\stm32f10x_adc.o
ADC_ClearFlag                                     Libraries\STM32F10x_StdPeriph_Driver\src\stm32f10x_adc.o
ADC_ClearITPendingBit                             Libraries\STM32F10x_StdPeriph_Driver\src\stm32f10x_adc.o
ADC_Cmd                                           Libraries\STM32F10x_StdPeriph_Driver\src\stm32f10x_adc.o
ADC_DMACmd                                        Libraries\STM32F10x_StdPeriph_Driver\src\stm32f10x_adc.o
ADC_DeInit                                        Libraries\STM32F10x_StdPeriph_Driver\src\stm32f10x_adc.o
ADC_DiscModeChannelCountConfig                    Libraries\STM32F10x_StdPeriph_Driver\src\stm32f10x_adc.o
ADC_DiscModeCmd                                   Libraries\STM32F10x_StdPeriph_Driver\src\stm32f10x_adc.o
ADC_ExternalTrigConvCmd                           Libraries\STM32F10x_StdPeriph_Driver\src\stm32f10x_adc.o
ADC_ExternalTrigInjectedConvCmd                   Libraries\STM32F10x_StdPeriph_Driver\src\stm32f10x_adc.o
ADC_ExternalTrigInjectedConvConfig                Libraries\STM32F10x_StdPeriph_Driver\src\stm32f10x_adc.o
ADC_GetCalibrationStatus                          Libraries\STM32F10x_StdPeriph_Driver\src\stm32f10x_adc.o
ADC_GetConversionValue                            Libraries\STM32F10x_StdPeriph_Driver\src\stm32f10x_adc.o
ADC_GetDualModeConversionValue                    Libraries\STM32F10x_StdPeriph_Driver\src\stm32f10x_adc.o
ADC_GetFlagStatus                                 Libraries\STM32F10x_StdPeriph_Driver\src\stm32f10x_adc.o
ADC_GetITStatus                                   Libraries\STM32F10x_StdPeriph_Driver\src\stm32f10x_adc.o
ADC_GetInjectedConversionValue                    Libraries\STM32F10x_StdPeriph_Driver\src\stm32f10x_adc.o
ADC_GetResetCalibrationStatus                     Libraries\STM32F10x_StdPeriph_Driver\src\stm32f10x_adc.o
ADC_GetSoftwareStartConvStatus                    Libraries\STM32F10x_StdPeriph_Driver\src\stm32f10x_adc.o
ADC_GetSoftwareStartInjectedConvCmdStatus         Libraries\STM32F10x_StdPeriph_Driver\src\stm32f10x_adc.o
ADC_ITConfig                                      Libraries\STM32F10x_StdPeriph_Driver\src\stm32f10x_adc.o
ADC_Init                                          Libraries\STM32F10x_StdPeriph_Driver\src\stm32f10x_adc.o
ADC_InjectedChannelConfig                         Libraries\STM32F10x_StdPeriph_Driver\src\stm32f10x_adc.o
ADC_InjectedDiscModeCmd                           Libraries\STM32F10x_StdPeriph_Driver\src\stm32f10x_adc.o
ADC_InjectedSequencerLengthConfig                 Libraries\STM32F10x_StdPeriph_Driver\src\stm32f10x_adc.o
ADC_RegularChannelConfig                          Libraries\STM32F10x_StdPeriph_Driver\src\stm32f10x_adc.o
ADC_ResetCalibration                              Libraries\STM32F10x_StdPeriph_Driver\src\stm32f10x_adc.o
ADC_SetInjectedOffset                             Libraries\STM32F10x_StdPeriph_Driver\src\stm32f10x_adc.o
ADC_SoftwareStartConvCmd                          Libraries\STM32F10x_StdPeriph_Driver\src\stm32f10x_adc.o
ADC_SoftwareStartInjectedConvCmd                  Libraries\STM32F10x_StdPeriph_Driver\src\stm32f10x_adc.o
ADC_StartCalibration                              Libraries\STM32F10x_StdPeriph_Driver\src\stm32f10x_adc.o
ADC_StructInit                                    Libraries\STM32F10x_StdPeriph_Driver\src\stm32f10x_adc.o
ADC_TempSensorVrefintCmd                          Libraries\STM32F10x_StdPeriph_Driver\src\stm32f10x_adc.o
AHBPrescTable                                     src\system\system_stm32f10x.o
BKP_ClearFlag                                     Libraries\STM32F10x_StdPeriph_Driver\src\stm32f10x_bkp.o
BKP_ClearITPendingBit                             Libraries\STM32F10x_StdPeriph_Driver\src\stm32f10x_bkp.o
BKP_DeInit                                        Libraries\STM32F10x_StdPeriph_Driver\src\stm32f10x_bkp.o
BKP_GetFlagStatus                                 Libraries\STM32F10x_StdPeriph_Driver\src\stm32f10x_bkp.o
BKP_GetITStatus                                   Libraries\STM32F10x_StdPeriph_Driver\src\stm32f10x_bkp.o
BKP_ITConfig                                      Libraries\STM32F10x_StdPeriph_Driver\src\stm32f10x_bkp.o
BKP_RTCOutputConfig                               Libraries\STM32F10x_StdPeriph_Driver\src\stm32f10x_bkp.o
BKP_ReadBackupRegister                            Libraries\STM32F10x_StdPeriph_Driver\src\stm32f10x_bkp.o
BKP_SetRTCCalibrationValue                        Libraries\STM32F10x_StdPeriph_Driver\src\stm32f10x_bkp.o
BKP_TamperPinCmd                                  Libraries\STM32F10x_StdPeriph_Driver\src\stm32f10x_bkp.o
BKP_TamperPinLevelConfig                          Libraries\STM32F10x_StdPeriph_Driver\src\stm32f10x_bkp.o
BKP_WriteBackupRegister                           Libraries\STM32F10x_StdPeriph_Driver\src\stm32f10x_bkp.o
BusFault_Handler                                  src\system\stm32f1xx_it.o
                                                  src\system\startup_stm32f10x_md.o
CAN1_RX1_IRQHandler                               src\system\startup_stm32f10x_md.o
CAN1_SCE_IRQHandler                               src\system\startup_stm32f10x_md.o
CAN_CancelTransmit                                Libraries\STM32F10x_StdPeriph_Driver\src\stm32f10x_can.o
CAN_ClearFlag                                     Libraries\STM32F10x_StdPeriph_Driver\src\stm32f10x_can.o
CAN_ClearITPendingBit                             Libraries\STM32F10x_StdPeriph_Driver\src\stm32f10x_can.o
CAN_DBGFreeze                                     Libraries\STM32F10x_StdPeriph_Driver\src\stm32f10x_can.o
CAN_DeInit                                        Libraries\STM32F10x_StdPeriph_Driver\src\stm32f10x_can.o
CAN_FIFORelease                                   Libraries\STM32F10x_StdPeriph_Driver\src\stm32f10x_can.o
CAN_FilterInit                                    Libraries\STM32F10x_StdPeriph_Driver\src\stm32f10x_can.o
CAN_GetFlagStatus                                 Libraries\STM32F10x_StdPeriph_Driver\src\stm32f10x_can.o
CAN_GetITStatus                                   Libraries\STM32F10x_StdPeriph_Driver\src\stm32f10x_can.o
CAN_GetLSBTransmitErrorCounter                    Libraries\STM32F10x_StdPeriph_Driver\src\stm32f10x_can.o
CAN_GetLastErrorCode                              Libraries\STM32F10x_StdPeriph_Driver\src\stm32f10x_can.o
CAN_GetReceiveErrorCounter                        Libraries\STM32F10x_StdPeriph_Driver\src\stm32f10x_can.o
CAN_ITConfig                                      Libraries\STM32F10x_StdPeriph_Driver\src\stm32f10x_can.o
CAN_Init                                          Libraries\STM32F10x_StdPeriph_Driver\src\stm32f10x_can.o
CAN_MessagePending                                Libraries\STM32F10x_StdPeriph_Driver\src\stm32f10x_can.o
CAN_OperatingModeRequest                          Libraries\STM32F10x_StdPeriph_Driver\src\stm32f10x_can.o
CAN_Receive                                       Libraries\STM32F10x_StdPeriph_Driver\src\stm32f10x_can.o
CAN_SlaveStartBank                                Libraries\STM32F10x_StdPeriph_Driver\src\stm32f10x_can.o
CAN_Sleep                                         Libraries\STM32F10x_StdPeriph_Driver\src\stm32f10x_can.o
CAN_StructInit                                    Libraries\STM32F10x_StdPeriph_Driver\src\stm32f10x_can.o
CAN_TTComModeCmd                                  Libraries\STM32F10x_StdPeriph_Driver\src\stm32f10x_can.o
CAN_Transmit                                      Libraries\STM32F10x_StdPeriph_Driver\src\stm32f10x_can.o
CAN_TransmitStatus                                Libraries\STM32F10x_StdPeriph_Driver\src\stm32f10x_can.o
CAN_WakeUp                                        Libraries\STM32F10x_StdPeriph_Driver\src\stm32f10x_can.o
CEC_ClearFlag                                     Libraries\STM32F10x_StdPeriph_Driver\src\stm32f10x_cec.o
CEC_ClearITPendingBit                             Libraries\STM32F10x_StdPeriph_Driver\src\stm32f10x_cec.o
CEC_Cmd                                           Libraries\STM32F10x_StdPeriph_Driver\src\stm32f10x_cec.o
CEC_DeInit                                        Libraries\STM32F10x_StdPeriph_Driver\src\stm32f10x_cec.o
CEC_EndOfMessageCmd                               Libraries\STM32F10x_StdPeriph_Driver\src\stm32f10x_cec.o
CEC_GetFlagStatus                                 Libraries\STM32F10x_StdPeriph_Driver\src\stm32f10x_cec.o
CEC_GetITStatus                                   Libraries\STM32F10x_StdPeriph_Driver\src\stm32f10x_cec.o
CEC_ITConfig                                      Libraries\STM32F10x_StdPeriph_Driver\src\stm32f10x_cec.o
CEC_Init                                          Libraries\STM32F10x_StdPeriph_Driver\src\stm32f10x_cec.o
CEC_OwnAddressConfig                              Libraries\STM32F10x_StdPeriph_Driver\src\stm32f10x_cec.o
CEC_ReceiveDataByte                               Libraries\STM32F10x_StdPeriph_Driver\src\stm32f10x_cec.o
CEC_SendDataByte                                  Libraries\STM32F10x_StdPeriph_Driver\src\stm32f10x_cec.o
CEC_SetPrescaler                                  Libraries\STM32F10x_StdPeriph_Driver\src\stm32f10x_cec.o
CEC_StartOfMessage                                Libraries\STM32F10x_StdPeriph_Driver\src\stm32f10x_cec.o
CRC_CalcBlockCRC                                  Libraries\STM32F10x_StdPeriph_Driver\src\stm32f10x_crc.o
CRC_CalcCRC                                       Libraries\STM32F10x_StdPeriph_Driver\src\stm32f10x_crc.o
CRC_GetCRC                                        Libraries\STM32F10x_StdPeriph_Driver\src\stm32f10x_crc.o
CRC_GetIDRegister                                 Libraries\STM32F10x_StdPeriph_Driver\src\stm32f10x_crc.o
CRC_ResetDR                                       Libraries\STM32F10x_StdPeriph_Driver\src\stm32f10x_crc.o
CRC_SetIDRegister                                 Libraries\STM32F10x_StdPeriph_Driver\src\stm32f10x_crc.o
CommandReceiver::CommandReceiver()                src\CommandReceiver.o
                                                  src\main.o
CommandReceiver::CommandReceiver()                src\CommandReceiver.o
CommandReceiver::getRoutingEntryForId(unsigned char) src\CommandReceiver.o
CommandReceiver::process(char)                    src\CommandReceiver.o
                                                  src\main.o
CommandReceiver::registerComponent(unsigned char, ICommandable*) src\CommandReceiver.o
                                                  src\main.o
Commandable<128ul>::getCommandBuffer()            src\main.o
Commandable<128ul>::getCommandBufferSize()        src\main.o
DAC_Cmd                                           Libraries\STM32F10x_StdPeriph_Driver\src\stm32f10x_dac.o
DAC_DMACmd                                        Libraries\STM32F10x_StdPeriph_Driver\src\stm32f10x_dac.o
DAC_DeInit                                        Libraries\STM32F10x_StdPeriph_Driver\src\stm32f10x_dac.o
DAC_DualSoftwareTriggerCmd                        Libraries\STM32F10x_StdPeriph_Driver\src\stm32f10x_dac.o
DAC_GetDataOutputValue                            Libraries\STM32F10x_StdPeriph_Driver\src\stm32f10x_dac.o
DAC_Init                                          Libraries\STM32F10x_StdPeriph_Driver\src\stm32f10x_dac.o
DAC_SetChannel1Data                               Libraries\STM32F10x_StdPeriph_Driver\src\stm32f10x_dac.o
DAC_SetChannel2Data                               Libraries\STM32F10x_StdPeriph_Driver\src\stm32f10x_dac.o
DAC_SetDualChannelData                            Libraries\STM32F10x_StdPeriph_Driver\src\stm32f10x_dac.o
DAC_SoftwareTriggerCmd                            Libraries\STM32F10x_StdPeriph_Driver\src\stm32f10x_dac.o
DAC_StructInit                                    Libraries\STM32F10x_StdPeriph_Driver\src\stm32f10x_dac.o
DAC_WaveGenerationCmd                             Libraries\STM32F10x_StdPeriph_Driver\src\stm32f10x_dac.o
DBGMCU_Config                                     Libraries\STM32F10x_StdPeriph_Driver\src\stm32f10x_dbgmcu.o
DBGMCU_GetDEVID                                   Libraries\STM32F10x_StdPeriph_Driver\src\stm32f10x_dbgmcu.o
DBGMCU_GetREVID                                   Libraries\STM32F10x_StdPeriph_Driver\src\stm32f10x_dbgmcu.o
DMA1_Channel1_IRQHandler                          src\system\startup_stm32f10x_md.o
DMA1_Channel2_IRQHandler                          src\system\startup_stm32f10x_md.o
DMA1_Channel3_IRQHandler                          src\system\startup_stm32f10x_md.o
DMA1_Channel4_IRQHandler                          src\system\startup_stm32f10x_md.o
DMA1_Channel5_IRQHandler                          src\system\startup_stm32f10x_md.o
DMA1_Channel6_IRQHandler                          src\system\startup_stm32f10x_md.o
DMA1_Channel7_IRQHandler                          src\system\startup_stm32f10x_md.o
DMA_ClearFlag                                     Libraries\STM32F10x_StdPeriph_Driver\src\stm32f10x_dma.o
DMA_ClearITPendingBit                             Libraries\STM32F10x_StdPeriph_Driver\src\stm32f10x_dma.o
DMA_Cmd                                           Libraries\STM32F10x_StdPeriph_Driver\src\stm32f10x_dma.o
DMA_DeInit                                        Libraries\STM32F10x_StdPeriph_Driver\src\stm32f10x_dma.o
DMA_GetCurrDataCounter                            Libraries\STM32F10x_StdPeriph_Driver\src\stm32f10x_dma.o
DMA_GetFlagStatus                                 Libraries\STM32F10x_StdPeriph_Driver\src\stm32f10x_dma.o
DMA_GetITStatus                                   Libraries\STM32F10x_StdPeriph_Driver\src\stm32f10x_dma.o
DMA_ITConfig                                      Libraries\STM32F10x_StdPeriph_Driver\src\stm32f10x_dma.o
DMA_Init                                          Libraries\STM32F10x_StdPeriph_Driver\src\stm32f10x_dma.o
DMA_SetCurrDataCounter                            Libraries\STM32F10x_StdPeriph_Driver\src\stm32f10x_dma.o
DMA_StructInit                                    Libraries\STM32F10x_StdPeriph_Driver\src\stm32f10x_dma.o
DebugMon_Handler                                  src\system\stm32f1xx_it.o
                                                  src\system\startup_stm32f10x_md.o
DefaultProtocol::isPacketComplete()               src\comlink\comprotocol\DefaultProtocol.o
DefaultProtocol::processByte(char)                src\comlink\comprotocol\DefaultProtocol.o
DefaultProtocol::resetReceiver()                  src\comlink\comprotocol\DefaultProtocol.o
DefaultProtocol::~DefaultProtocol()               src\comlink\comprotocol\DefaultProtocol.o
DefaultProtocol::~DefaultProtocol()               src\comlink\comprotocol\DefaultProtocol.o
DefaultProtocol::~DefaultProtocol()               src\comlink\comprotocol\DefaultProtocol.o
Default_Handler                                   src\system\startup_stm32f10x_md.o
EXTI0_IRQHandler                                  src\system\startup_stm32f10x_md.o
EXTI15_10_IRQHandler                              src\system\startup_stm32f10x_md.o
EXTI1_IRQHandler                                  src\system\startup_stm32f10x_md.o
EXTI2_IRQHandler                                  src\system\startup_stm32f10x_md.o
EXTI3_IRQHandler                                  src\system\startup_stm32f10x_md.o
EXTI4_IRQHandler                                  src\system\startup_stm32f10x_md.o
EXTI9_5_IRQHandler                                src\system\startup_stm32f10x_md.o
EXTI_ClearFlag                                    Libraries\STM32F10x_StdPeriph_Driver\src\stm32f10x_exti.o
EXTI_ClearITPendingBit                            Libraries\STM32F10x_StdPeriph_Driver\src\stm32f10x_exti.o
EXTI_DeInit                                       Libraries\STM32F10x_StdPeriph_Driver\src\stm32f10x_exti.o
EXTI_GenerateSWInterrupt                          Libraries\STM32F10x_StdPeriph_Driver\src\stm32f10x_exti.o
EXTI_GetFlagStatus                                Libraries\STM32F10x_StdPeriph_Driver\src\stm32f10x_exti.o
EXTI_GetITStatus                                  Libraries\STM32F10x_StdPeriph_Driver\src\stm32f10x_exti.o
EXTI_Init                                         Libraries\STM32F10x_StdPeriph_Driver\src\stm32f10x_exti.o
EXTI_StructInit                                   Libraries\STM32F10x_StdPeriph_Driver\src\stm32f10x_exti.o
FLASH_ClearFlag                                   Libraries\STM32F10x_StdPeriph_Driver\src\stm32f10x_flash.o
FLASH_EnableWriteProtection                       Libraries\STM32F10x_StdPeriph_Driver\src\stm32f10x_flash.o
FLASH_EraseAllBank1Pages                          Libraries\STM32F10x_StdPeriph_Driver\src\stm32f10x_flash.o
FLASH_EraseAllPages                               Libraries\STM32F10x_StdPeriph_Driver\src\stm32f10x_flash.o
FLASH_EraseOptionBytes                            Libraries\STM32F10x_StdPeriph_Driver\src\stm32f10x_flash.o
FLASH_ErasePage                                   Libraries\STM32F10x_StdPeriph_Driver\src\stm32f10x_flash.o
FLASH_GetBank1Status                              Libraries\STM32F10x_StdPeriph_Driver\src\stm32f10x_flash.o
FLASH_GetFlagStatus                               Libraries\STM32F10x_StdPeriph_Driver\src\stm32f10x_flash.o
FLASH_GetPrefetchBufferStatus                     Libraries\STM32F10x_StdPeriph_Driver\src\stm32f10x_flash.o
FLASH_GetReadOutProtectionStatus                  Libraries\STM32F10x_StdPeriph_Driver\src\stm32f10x_flash.o
FLASH_GetStatus                                   Libraries\STM32F10x_StdPeriph_Driver\src\stm32f10x_flash.o
FLASH_GetUserOptionByte                           Libraries\STM32F10x_StdPeriph_Driver\src\stm32f10x_flash.o
FLASH_GetWriteProtectionOptionByte                Libraries\STM32F10x_StdPeriph_Driver\src\stm32f10x_flash.o
FLASH_HalfCycleAccessCmd                          Libraries\STM32F10x_StdPeriph_Driver\src\stm32f10x_flash.o
FLASH_IRQHandler                                  src\system\startup_stm32f10x_md.o
FLASH_ITConfig                                    Libraries\STM32F10x_StdPeriph_Driver\src\stm32f10x_flash.o
FLASH_Lock                                        Libraries\STM32F10x_StdPeriph_Driver\src\stm32f10x_flash.o
FLASH_LockBank1                                   Libraries\STM32F10x_StdPeriph_Driver\src\stm32f10x_flash.o
FLASH_PrefetchBufferCmd                           Libraries\STM32F10x_StdPeriph_Driver\src\stm32f10x_flash.o
FLASH_ProgramHalfWord                             Libraries\STM32F10x_StdPeriph_Driver\src\stm32f10x_flash.o
FLASH_ProgramOptionByteData                       Libraries\STM32F10x_StdPeriph_Driver\src\stm32f10x_flash.o
FLASH_ProgramWord                                 Libraries\STM32F10x_StdPeriph_Driver\src\stm32f10x_flash.o
FLASH_ReadOutProtection                           Libraries\STM32F10x_StdPeriph_Driver\src\stm32f10x_flash.o
FLASH_SetLatency                                  Libraries\STM32F10x_StdPeriph_Driver\src\stm32f10x_flash.o
FLASH_Unlock                                      Libraries\STM32F10x_StdPeriph_Driver\src\stm32f10x_flash.o
FLASH_UnlockBank1                                 Libraries\STM32F10x_StdPeriph_Driver\src\stm32f10x_flash.o
FLASH_UserOptionByteConfig                        Libraries\STM32F10x_StdPeriph_Driver\src\stm32f10x_flash.o
FLASH_WaitForLastBank1Operation                   Libraries\STM32F10x_StdPeriph_Driver\src\stm32f10x_flash.o
FLASH_WaitForLastOperation                        Libraries\STM32F10x_StdPeriph_Driver\src\stm32f10x_flash.o
FSMC_ClearFlag                                    Libraries\STM32F10x_StdPeriph_Driver\src\stm32f10x_fsmc.o
FSMC_ClearITPendingBit                            Libraries\STM32F10x_StdPeriph_Driver\src\stm32f10x_fsmc.o
FSMC_GetECC                                       Libraries\STM32F10x_StdPeriph_Driver\src\stm32f10x_fsmc.o
FSMC_GetFlagStatus                                Libraries\STM32F10x_StdPeriph_Driver\src\stm32f10x_fsmc.o
FSMC_GetITStatus                                  Libraries\STM32F10x_StdPeriph_Driver\src\stm32f10x_fsmc.o
FSMC_ITConfig                                     Libraries\STM32F10x_StdPeriph_Driver\src\stm32f10x_fsmc.o
FSMC_NANDCmd                                      Libraries\STM32F10x_StdPeriph_Driver\src\stm32f10x_fsmc.o
FSMC_NANDDeInit                                   Libraries\STM32F10x_StdPeriph_Driver\src\stm32f10x_fsmc.o
FSMC_NANDECCCmd                                   Libraries\STM32F10x_StdPeriph_Driver\src\stm32f10x_fsmc.o
FSMC_NANDInit                                     Libraries\STM32F10x_StdPeriph_Driver\src\stm32f10x_fsmc.o
FSMC_NANDStructInit                               Libraries\STM32F10x_StdPeriph_Driver\src\stm32f10x_fsmc.o
FSMC_NORSRAMCmd                                   Libraries\STM32F10x_StdPeriph_Driver\src\stm32f10x_fsmc.o
FSMC_NORSRAMDeInit                                Libraries\STM32F10x_StdPeriph_Driver\src\stm32f10x_fsmc.o
FSMC_NORSRAMInit                                  Libraries\STM32F10x_StdPeriph_Driver\src\stm32f10x_fsmc.o
FSMC_NORSRAMStructInit                            Libraries\STM32F10x_StdPeriph_Driver\src\stm32f10x_fsmc.o
FSMC_PCCARDCmd                                    Libraries\STM32F10x_StdPeriph_Driver\src\stm32f10x_fsmc.o
FSMC_PCCARDDeInit                                 Libraries\STM32F10x_StdPeriph_Driver\src\stm32f10x_fsmc.o
FSMC_PCCARDInit                                   Libraries\STM32F10x_StdPeriph_Driver\src\stm32f10x_fsmc.o
FSMC_PCCARDStructInit                             Libraries\STM32F10x_StdPeriph_Driver\src\stm32f10x_fsmc.o
GPIO_AFIODeInit                                   Libraries\STM32F10x_StdPeriph_Driver\src\stm32f10x_gpio.o
GPIO_DeInit                                       Libraries\STM32F10x_StdPeriph_Driver\src\stm32f10x_gpio.o
GPIO_ETH_MediaInterfaceConfig                     Libraries\STM32F10x_StdPeriph_Driver\src\stm32f10x_gpio.o
GPIO_EXTILineConfig                               Libraries\STM32F10x_StdPeriph_Driver\src\stm32f10x_gpio.o
GPIO_EventOutputCmd                               Libraries\STM32F10x_StdPeriph_Driver\src\stm32f10x_gpio.o
GPIO_EventOutputConfig                            Libraries\STM32F10x_StdPeriph_Driver\src\stm32f10x_gpio.o
GPIO_Init                                         Libraries\STM32F10x_StdPeriph_Driver\src\stm32f10x_gpio.o
                                                  src\comlink\SerialLink.o
GPIO_PinLockConfig                                Libraries\STM32F10x_StdPeriph_Driver\src\stm32f10x_gpio.o
GPIO_PinRemapConfig                               Libraries\STM32F10x_StdPeriph_Driver\src\stm32f10x_gpio.o
GPIO_ReadInputData                                Libraries\STM32F10x_StdPeriph_Driver\src\stm32f10x_gpio.o
GPIO_ReadInputDataBit                             Libraries\STM32F10x_StdPeriph_Driver\src\stm32f10x_gpio.o
GPIO_ReadOutputData                               Libraries\STM32F10x_StdPeriph_Driver\src\stm32f10x_gpio.o
GPIO_ReadOutputDataBit                            Libraries\STM32F10x_StdPeriph_Driver\src\stm32f10x_gpio.o
GPIO_ResetBits                                    Libraries\STM32F10x_StdPeriph_Driver\src\stm32f10x_gpio.o
GPIO_SetBits                                      Libraries\STM32F10x_StdPeriph_Driver\src\stm32f10x_gpio.o
GPIO_StructInit                                   Libraries\STM32F10x_StdPeriph_Driver\src\stm32f10x_gpio.o
GPIO_Write                                        Libraries\STM32F10x_StdPeriph_Driver\src\stm32f10x_gpio.o
GPIO_WriteBit                                     Libraries\STM32F10x_StdPeriph_Driver\src\stm32f10x_gpio.o
HardFault_Handler                                 src\system\stm32f1xx_it.o
                                                  src\system\startup_stm32f10x_md.o
I2C1_ER_IRQHandler                                src\system\startup_stm32f10x_md.o
I2C1_EV_IRQHandler                                src\system\startup_stm32f10x_md.o
I2C2_ER_IRQHandler                                src\system\startup_stm32f10x_md.o
I2C2_EV_IRQHandler                                src\system\startup_stm32f10x_md.o
I2C_ARPCmd                                        Libraries\STM32F10x_StdPeriph_Driver\src\stm32f10x_i2c.o
I2C_AcknowledgeConfig                             Libraries\STM32F10x_StdPeriph_Driver\src\stm32f10x_i2c.o
I2C_CalculatePEC                                  Libraries\STM32F10x_StdPeriph_Driver\src\stm32f10x_i2c.o
I2C_CheckEvent                                    Libraries\STM32F10x_StdPeriph_Driver\src\stm32f10x_i2c.o
I2C_ClearFlag                                     Libraries\STM32F10x_StdPeriph_Driver\src\stm32f10x_i2c.o
I2C_ClearITPendingBit                             Libraries\STM32F10x_StdPeriph_Driver\src\stm32f10x_i2c.o
I2C_Cmd                                           Libraries\STM32F10x_StdPeriph_Driver\src\stm32f10x_i2c.o
I2C_DMACmd                                        Libraries\STM32F10x_StdPeriph_Driver\src\stm32f10x_i2c.o
I2C_DMALastTransferCmd                            Libraries\STM32F10x_StdPeriph_Driver\src\stm32f10x_i2c.o
I2C_DeInit                                        Libraries\STM32F10x_StdPeriph_Driver\src\stm32f10x_i2c.o
I2C_DualAddressCmd                                Libraries\STM32F10x_StdPeriph_Driver\src\stm32f10x_i2c.o
I2C_FastModeDutyCycleConfig                       Libraries\STM32F10x_StdPeriph_Driver\src\stm32f10x_i2c.o
I2C_GeneralCallCmd                                Libraries\STM32F10x_StdPeriph_Driver\src\stm32f10x_i2c.o
I2C_GenerateSTART                                 Libraries\STM32F10x_StdPeriph_Driver\src\stm32f10x_i2c.o
I2C_GenerateSTOP                                  Libraries\STM32F10x_StdPeriph_Driver\src\stm32f10x_i2c.o
I2C_GetFlagStatus                                 Libraries\STM32F10x_StdPeriph_Driver\src\stm32f10x_i2c.o
I2C_GetITStatus                                   Libraries\STM32F10x_StdPeriph_Driver\src\stm32f10x_i2c.o
I2C_GetLastEvent                                  Libraries\STM32F10x_StdPeriph_Driver\src\stm32f10x_i2c.o
I2C_GetPEC                                        Libraries\STM32F10x_StdPeriph_Driver\src\stm32f10x_i2c.o
I2C_ITConfig                                      Libraries\STM32F10x_StdPeriph_Driver\src\stm32f10x_i2c.o
I2C_Init                                          Libraries\STM32F10x_StdPeriph_Driver\src\stm32f10x_i2c.o
I2C_NACKPositionConfig                            Libraries\STM32F10x_StdPeriph_Driver\src\stm32f10x_i2c.o
I2C_OwnAddress2Config                             Libraries\STM32F10x_StdPeriph_Driver\src\stm32f10x_i2c.o
I2C_PECPositionConfig                             Libraries\STM32F10x_StdPeriph_Driver\src\stm32f10x_i2c.o
I2C_ReadRegister                                  Libraries\STM32F10x_StdPeriph_Driver\src\stm32f10x_i2c.o
I2C_ReceiveData                                   Libraries\STM32F10x_StdPeriph_Driver\src\stm32f10x_i2c.o
I2C_SMBusAlertConfig                              Libraries\STM32F10x_StdPeriph_Driver\src\stm32f10x_i2c.o
I2C_Send7bitAddress                               Libraries\STM32F10x_StdPeriph_Driver\src\stm32f10x_i2c.o
I2C_SendData                                      Libraries\STM32F10x_StdPeriph_Driver\src\stm32f10x_i2c.o
I2C_SoftwareResetCmd                              Libraries\STM32F10x_StdPeriph_Driver\src\stm32f10x_i2c.o
I2C_StretchClockCmd                               Libraries\STM32F10x_StdPeriph_Driver\src\stm32f10x_i2c.o
I2C_StructInit                                    Libraries\STM32F10x_StdPeriph_Driver\src\stm32f10x_i2c.o
I2C_TransmitPEC                                   Libraries\STM32F10x_StdPeriph_Driver\src\stm32f10x_i2c.o
I2S_Cmd                                           Libraries\STM32F10x_StdPeriph_Driver\src\stm32f10x_spi.o
I2S_Init                                          Libraries\STM32F10x_StdPeriph_Driver\src\stm32f10x_spi.o
I2S_StructInit                                    Libraries\STM32F10x_StdPeriph_Driver\src\stm32f10x_spi.o
IWDG_Enable                                       Libraries\STM32F10x_StdPeriph_Driver\src\stm32f10x_iwdg.o
IWDG_GetFlagStatus                                Libraries\STM32F10x_StdPeriph_Driver\src\stm32f10x_iwdg.o
IWDG_ReloadCounter                                Libraries\STM32F10x_StdPeriph_Driver\src\stm32f10x_iwdg.o
IWDG_SetPrescaler                                 Libraries\STM32F10x_StdPeriph_Driver\src\stm32f10x_iwdg.o
IWDG_SetReload                                    Libraries\STM32F10x_StdPeriph_Driver\src\stm32f10x_iwdg.o
IWDG_WriteAccessCmd                               Libraries\STM32F10x_StdPeriph_Driver\src\stm32f10x_iwdg.o
MemManage_Handler                                 src\system\stm32f1xx_it.o
                                                  src\system\startup_stm32f10x_md.o
NMI_Handler                                       src\system\stm32f1xx_it.o
                                                  src\system\startup_stm32f10x_md.o
NVIC_Init                                         Libraries\STM32F10x_StdPeriph_Driver\src\misc.o
NVIC_PriorityGroupConfig                          Libraries\STM32F10x_StdPeriph_Driver\src\misc.o
NVIC_SetVectorTable                               Libraries\STM32F10x_StdPeriph_Driver\src\misc.o
NVIC_SystemLPConfig                               Libraries\STM32F10x_StdPeriph_Driver\src\misc.o
PVD_IRQHandler                                    src\system\startup_stm32f10x_md.o
PWR_BackupAccessCmd                               Libraries\STM32F10x_StdPeriph_Driver\src\stm32f10x_pwr.o
PWR_ClearFlag                                     Libraries\STM32F10x_StdPeriph_Driver\src\stm32f10x_pwr.o
PWR_DeInit                                        Libraries\STM32F10x_StdPeriph_Driver\src\stm32f10x_pwr.o
PWR_EnterSTANDBYMode                              Libraries\STM32F10x_StdPeriph_Driver\src\stm32f10x_pwr.o
PWR_EnterSTOPMode                                 Libraries\STM32F10x_StdPeriph_Driver\src\stm32f10x_pwr.o
PWR_GetFlagStatus                                 Libraries\STM32F10x_StdPeriph_Driver\src\stm32f10x_pwr.o
PWR_PVDCmd                                        Libraries\STM32F10x_StdPeriph_Driver\src\stm32f10x_pwr.o
PWR_PVDLevelConfig                                Libraries\STM32F10x_StdPeriph_Driver\src\stm32f10x_pwr.o
PWR_WakeUpPinCmd                                  Libraries\STM32F10x_StdPeriph_Driver\src\stm32f10x_pwr.o
PendSV_Handler                                    src\system\stm32f1xx_it.o
                                                  src\system\startup_stm32f10x_md.o
RCC_ADCCLKConfig                                  Libraries\STM32F10x_StdPeriph_Driver\src\stm32f10x_rcc.o
RCC_AHBPeriphClockCmd                             Libraries\STM32F10x_StdPeriph_Driver\src\stm32f10x_rcc.o
RCC_APB1PeriphClockCmd                            Libraries\STM32F10x_StdPeriph_Driver\src\stm32f10x_rcc.o
RCC_APB1PeriphResetCmd                            Libraries\STM32F10x_StdPeriph_Driver\src\stm32f10x_rcc.o
                                                  Libraries\STM32F10x_StdPeriph_Driver\src\stm32f10x_wwdg.o
                                                  Libraries\STM32F10x_StdPeriph_Driver\src\stm32f10x_usart.o
                                                  Libraries\STM32F10x_StdPeriph_Driver\src\stm32f10x_tim.o
                                                  Libraries\STM32F10x_StdPeriph_Driver\src\stm32f10x_spi.o
                                                  Libraries\STM32F10x_StdPeriph_Driver\src\stm32f10x_pwr.o
                                                  Libraries\STM32F10x_StdPeriph_Driver\src\stm32f10x_i2c.o
                                                  Libraries\STM32F10x_StdPeriph_Driver\src\stm32f10x_dac.o
                                                  Libraries\STM32F10x_StdPeriph_Driver\src\stm32f10x_cec.o
                                                  Libraries\STM32F10x_StdPeriph_Driver\src\stm32f10x_can.o
RCC_APB2PeriphClockCmd                            Libraries\STM32F10x_StdPeriph_Driver\src\stm32f10x_rcc.o
                                                  src\comlink\SerialLink.o
RCC_APB2PeriphResetCmd                            Libraries\STM32F10x_StdPeriph_Driver\src\stm32f10x_rcc.o
                                                  Libraries\STM32F10x_StdPeriph_Driver\src\stm32f10x_usart.o
                                                  Libraries\STM32F10x_StdPeriph_Driver\src\stm32f10x_tim.o
                                                  Libraries\STM32F10x_StdPeriph_Driver\src\stm32f10x_spi.o
                                                  Libraries\STM32F10x_StdPeriph_Driver\src\stm32f10x_gpio.o
                                                  Libraries\STM32F10x_StdPeriph_Driver\src\stm32f10x_adc.o
RCC_AdjustHSICalibrationValue                     Libraries\STM32F10x_StdPeriph_Driver\src\stm32f10x_rcc.o
RCC_BackupResetCmd                                Libraries\STM32F10x_StdPeriph_Driver\src\stm32f10x_rcc.o
                                                  Libraries\STM32F10x_StdPeriph_Driver\src\stm32f10x_bkp.o
RCC_ClearFlag                                     Libraries\STM32F10x_StdPeriph_Driver\src\stm32f10x_rcc.o
RCC_ClearITPendingBit                             Libraries\STM32F10x_StdPeriph_Driver\src\stm32f10x_rcc.o
RCC_ClockSecuritySystemCmd                        Libraries\STM32F10x_StdPeriph_Driver\src\stm32f10x_rcc.o
RCC_DeInit                                        Libraries\STM32F10x_StdPeriph_Driver\src\stm32f10x_rcc.o
RCC_GetClocksFreq                                 Libraries\STM32F10x_StdPeriph_Driver\src\stm32f10x_rcc.o
                                                  Libraries\STM32F10x_StdPeriph_Driver\src\stm32f10x_usart.o
                                                  Libraries\STM32F10x_StdPeriph_Driver\src\stm32f10x_spi.o
                                                  Libraries\STM32F10x_StdPeriph_Driver\src\stm32f10x_i2c.o
RCC_GetFlagStatus                                 Libraries\STM32F10x_StdPeriph_Driver\src\stm32f10x_rcc.o
RCC_GetITStatus                                   Libraries\STM32F10x_StdPeriph_Driver\src\stm32f10x_rcc.o
RCC_GetSYSCLKSource                               Libraries\STM32F10x_StdPeriph_Driver\src\stm32f10x_rcc.o
RCC_HCLKConfig                                    Libraries\STM32F10x_StdPeriph_Driver\src\stm32f10x_rcc.o
RCC_HSEConfig                                     Libraries\STM32F10x_StdPeriph_Driver\src\stm32f10x_rcc.o
RCC_HSICmd                                        Libraries\STM32F10x_StdPeriph_Driver\src\stm32f10x_rcc.o
RCC_IRQHandler                                    src\system\startup_stm32f10x_md.o
RCC_ITConfig                                      Libraries\STM32F10x_StdPeriph_Driver\src\stm32f10x_rcc.o
RCC_LSEConfig                                     Libraries\STM32F10x_StdPeriph_Driver\src\stm32f10x_rcc.o
RCC_LSICmd                                        Libraries\STM32F10x_StdPeriph_Driver\src\stm32f10x_rcc.o
RCC_MCOConfig                                     Libraries\STM32F10x_StdPeriph_Driver\src\stm32f10x_rcc.o
RCC_PCLK1Config                                   Libraries\STM32F10x_StdPeriph_Driver\src\stm32f10x_rcc.o
RCC_PCLK2Config                                   Libraries\STM32F10x_StdPeriph_Driver\src\stm32f10x_rcc.o
RCC_PLLCmd                                        Libraries\STM32F10x_StdPeriph_Driver\src\stm32f10x_rcc.o
RCC_PLLConfig                                     Libraries\STM32F10x_StdPeriph_Driver\src\stm32f10x_rcc.o
RCC_RTCCLKCmd                                     Libraries\STM32F10x_StdPeriph_Driver\src\stm32f10x_rcc.o
RCC_RTCCLKConfig                                  Libraries\STM32F10x_StdPeriph_Driver\src\stm32f10x_rcc.o
RCC_SYSCLKConfig                                  Libraries\STM32F10x_StdPeriph_Driver\src\stm32f10x_rcc.o
RCC_USBCLKConfig                                  Libraries\STM32F10x_StdPeriph_Driver\src\stm32f10x_rcc.o
RCC_WaitForHSEStartUp                             Libraries\STM32F10x_StdPeriph_Driver\src\stm32f10x_rcc.o
RTCAlarm_IRQHandler                               src\system\startup_stm32f10x_md.o
RTC_ClearFlag                                     Libraries\STM32F10x_StdPeriph_Driver\src\stm32f10x_rtc.o
RTC_ClearITPendingBit                             Libraries\STM32F10x_StdPeriph_Driver\src\stm32f10x_rtc.o
RTC_EnterConfigMode                               Libraries\STM32F10x_StdPeriph_Driver\src\stm32f10x_rtc.o
RTC_ExitConfigMode                                Libraries\STM32F10x_StdPeriph_Driver\src\stm32f10x_rtc.o
RTC_GetCounter                                    Libraries\STM32F10x_StdPeriph_Driver\src\stm32f10x_rtc.o
RTC_GetDivider                                    Libraries\STM32F10x_StdPeriph_Driver\src\stm32f10x_rtc.o
RTC_GetFlagStatus                                 Libraries\STM32F10x_StdPeriph_Driver\src\stm32f10x_rtc.o
RTC_GetITStatus                                   Libraries\STM32F10x_StdPeriph_Driver\src\stm32f10x_rtc.o
RTC_IRQHandler                                    src\system\startup_stm32f10x_md.o
RTC_ITConfig                                      Libraries\STM32F10x_StdPeriph_Driver\src\stm32f10x_rtc.o
RTC_SetAlarm                                      Libraries\STM32F10x_StdPeriph_Driver\src\stm32f10x_rtc.o
RTC_SetCounter                                    Libraries\STM32F10x_StdPeriph_Driver\src\stm32f10x_rtc.o
RTC_SetPrescaler                                  Libraries\STM32F10x_StdPeriph_Driver\src\stm32f10x_rtc.o
RTC_WaitForLastTask                               Libraries\STM32F10x_StdPeriph_Driver\src\stm32f10x_rtc.o
RTC_WaitForSynchro                                Libraries\STM32F10x_StdPeriph_Driver\src\stm32f10x_rtc.o
Reset_Handler                                     src\system\startup_stm32f10x_md.o
SDIO_CEATAITCmd                                   Libraries\STM32F10x_StdPeriph_Driver\src\stm32f10x_sdio.o
SDIO_ClearFlag                                    Libraries\STM32F10x_StdPeriph_Driver\src\stm32f10x_sdio.o
SDIO_ClearITPendingBit                            Libraries\STM32F10x_StdPeriph_Driver\src\stm32f10x_sdio.o
SDIO_ClockCmd                                     Libraries\STM32F10x_StdPeriph_Driver\src\stm32f10x_sdio.o
SDIO_CmdStructInit                                Libraries\STM32F10x_StdPeriph_Driver\src\stm32f10x_sdio.o
SDIO_CommandCompletionCmd                         Libraries\STM32F10x_StdPeriph_Driver\src\stm32f10x_sdio.o
SDIO_DMACmd                                       Libraries\STM32F10x_StdPeriph_Driver\src\stm32f10x_sdio.o
SDIO_DataConfig                                   Libraries\STM32F10x_StdPeriph_Driver\src\stm32f10x_sdio.o
SDIO_DataStructInit                               Libraries\STM32F10x_StdPeriph_Driver\src\stm32f10x_sdio.o
SDIO_DeInit                                       Libraries\STM32F10x_StdPeriph_Driver\src\stm32f10x_sdio.o
SDIO_GetCommandResponse                           Libraries\STM32F10x_StdPeriph_Driver\src\stm32f10x_sdio.o
SDIO_GetDataCounter                               Libraries\STM32F10x_StdPeriph_Driver\src\stm32f10x_sdio.o
SDIO_GetFIFOCount                                 Libraries\STM32F10x_StdPeriph_Driver\src\stm32f10x_sdio.o
SDIO_GetFlagStatus                                Libraries\STM32F10x_StdPeriph_Driver\src\stm32f10x_sdio.o
SDIO_GetITStatus                                  Libraries\STM32F10x_StdPeriph_Driver\src\stm32f10x_sdio.o
SDIO_GetPowerState                                Libraries\STM32F10x_StdPeriph_Driver\src\stm32f10x_sdio.o
SDIO_GetResponse                                  Libraries\STM32F10x_StdPeriph_Driver\src\stm32f10x_sdio.o
SDIO_ITConfig                                     Libraries\STM32F10x_StdPeriph_Driver\src\stm32f10x_sdio.o
SDIO_Init                                         Libraries\STM32F10x_StdPeriph_Driver\src\stm32f10x_sdio.o
SDIO_ReadData                                     Libraries\STM32F10x_StdPeriph_Driver\src\stm32f10x_sdio.o
SDIO_SendCEATACmd                                 Libraries\STM32F10x_StdPeriph_Driver\src\stm32f10x_sdio.o
SDIO_SendCommand                                  Libraries\STM32F10x_StdPeriph_Driver\src\stm32f10x_sdio.o
SDIO_SendSDIOSuspendCmd                           Libraries\STM32F10x_StdPeriph_Driver\src\stm32f10x_sdio.o
SDIO_SetPowerState                                Libraries\STM32F10x_StdPeriph_Driver\src\stm32f10x_sdio.o
SDIO_SetSDIOOperation                             Libraries\STM32F10x_StdPeriph_Driver\src\stm32f10x_sdio.o
SDIO_SetSDIOReadWaitMode                          Libraries\STM32F10x_StdPeriph_Driver\src\stm32f10x_sdio.o
SDIO_StartSDIOReadWait                            Libraries\STM32F10x_StdPeriph_Driver\src\stm32f10x_sdio.o
SDIO_StopSDIOReadWait                             Libraries\STM32F10x_StdPeriph_Driver\src\stm32f10x_sdio.o
SDIO_StructInit                                   Libraries\STM32F10x_StdPeriph_Driver\src\stm32f10x_sdio.o
SDIO_WriteData                                    Libraries\STM32F10x_StdPeriph_Driver\src\stm32f10x_sdio.o
SPI1_IRQHandler                                   src\system\startup_stm32f10x_md.o
SPI2_IRQHandler                                   src\system\startup_stm32f10x_md.o
SPI_BiDirectionalLineConfig                       Libraries\STM32F10x_StdPeriph_Driver\src\stm32f10x_spi.o
SPI_CalculateCRC                                  Libraries\STM32F10x_StdPeriph_Driver\src\stm32f10x_spi.o
SPI_Cmd                                           Libraries\STM32F10x_StdPeriph_Driver\src\stm32f10x_spi.o
SPI_DataSizeConfig                                Libraries\STM32F10x_StdPeriph_Driver\src\stm32f10x_spi.o
SPI_GetCRC                                        Libraries\STM32F10x_StdPeriph_Driver\src\stm32f10x_spi.o
SPI_GetCRCPolynomial                              Libraries\STM32F10x_StdPeriph_Driver\src\stm32f10x_spi.o
SPI_I2S_ClearFlag                                 Libraries\STM32F10x_StdPeriph_Driver\src\stm32f10x_spi.o
SPI_I2S_ClearITPendingBit                         Libraries\STM32F10x_StdPeriph_Driver\src\stm32f10x_spi.o
SPI_I2S_DMACmd                                    Libraries\STM32F10x_StdPeriph_Driver\src\stm32f10x_spi.o
SPI_I2S_DeInit                                    Libraries\STM32F10x_StdPeriph_Driver\src\stm32f10x_spi.o
SPI_I2S_GetFlagStatus                             Libraries\STM32F10x_StdPeriph_Driver\src\stm32f10x_spi.o
SPI_I2S_GetITStatus                               Libraries\STM32F10x_StdPeriph_Driver\src\stm32f10x_spi.o
SPI_I2S_ITConfig                                  Libraries\STM32F10x_StdPeriph_Driver\src\stm32f10x_spi.o
SPI_I2S_ReceiveData                               Libraries\STM32F10x_StdPeriph_Driver\src\stm32f10x_spi.o
SPI_I2S_SendData                                  Libraries\STM32F10x_StdPeriph_Driver\src\stm32f10x_spi.o
SPI_Init                                          Libraries\STM32F10x_StdPeriph_Driver\src\stm32f10x_spi.o
SPI_NSSInternalSoftwareConfig                     Libraries\STM32F10x_StdPeriph_Driver\src\stm32f10x_spi.o
SPI_SSOutputCmd                                   Libraries\STM32F10x_StdPeriph_Driver\src\stm32f10x_spi.o
SPI_StructInit                                    Libraries\STM32F10x_StdPeriph_Driver\src\stm32f10x_spi.o
SPI_TransmitCRC                                   Libraries\STM32F10x_StdPeriph_Driver\src\stm32f10x_spi.o
SVC_Handler                                       src\system\stm32f1xx_it.o
                                                  src\system\startup_stm32f10x_md.o
SerialLink::initialize()                          src\comlink\SerialLink.o
                                                  src\main.o
SerialLink::read()                                src\comlink\SerialLink.o
SerialLink::write(unsigned char*, unsigned long)  src\comlink\SerialLink.o
SerialLink::~SerialLink()                         src\comlink\SerialLink.o
SerialLink::~SerialLink()                         src\comlink\SerialLink.o
SerialLink::~SerialLink()                         src\comlink\SerialLink.o
SysTick_CLKSourceConfig                           Libraries\STM32F10x_StdPeriph_Driver\src\misc.o
SysTick_Handler                                   src\system\stm32f1xx_it.o
                                                  src\system\startup_stm32f10x_md.o
SystemCoreClock                                   src\system\system_stm32f10x.o
SystemCoreClockUpdate                             src\system\system_stm32f10x.o
SystemInit                                        src\system\system_stm32f10x.o
                                                  src\system\startup_stm32f10x_md.o
TAMPER_IRQHandler                                 src\system\startup_stm32f10x_md.o
TIM1_BRK_IRQHandler                               src\system\startup_stm32f10x_md.o
TIM1_CC_IRQHandler                                src\system\startup_stm32f10x_md.o
TIM1_TRG_COM_IRQHandler                           src\system\startup_stm32f10x_md.o
TIM1_UP_IRQHandler                                src\system\startup_stm32f10x_md.o
TIM2_IRQHandler                                   src\system\startup_stm32f10x_md.o
TIM3_IRQHandler                                   src\system\startup_stm32f10x_md.o
TIM4_IRQHandler                                   src\system\startup_stm32f10x_md.o
TIM_ARRPreloadConfig                              Libraries\STM32F10x_StdPeriph_Driver\src\stm32f10x_tim.o
TIM_BDTRConfig                                    Libraries\STM32F10x_StdPeriph_Driver\src\stm32f10x_tim.o
TIM_BDTRStructInit                                Libraries\STM32F10x_StdPeriph_Driver\src\stm32f10x_tim.o
TIM_CCPreloadControl                              Libraries\STM32F10x_StdPeriph_Driver\src\stm32f10x_tim.o
TIM_CCxCmd                                        Libraries\STM32F10x_StdPeriph_Driver\src\stm32f10x_tim.o
TIM_CCxNCmd                                       Libraries\STM32F10x_StdPeriph_Driver\src\stm32f10x_tim.o
TIM_ClearFlag                                     Libraries\STM32F10x_StdPeriph_Driver\src\stm32f10x_tim.o
TIM_ClearITPendingBit                             Libraries\STM32F10x_StdPeriph_Driver\src\stm32f10x_tim.o
TIM_ClearOC1Ref                                   Libraries\STM32F10x_StdPeriph_Driver\src\stm32f10x_tim.o
TIM_ClearOC2Ref                                   Libraries\STM32F10x_StdPeriph_Driver\src\stm32f10x_tim.o
TIM_ClearOC3Ref                                   Libraries\STM32F10x_StdPeriph_Driver\src\stm32f10x_tim.o
TIM_ClearOC4Ref                                   Libraries\STM32F10x_StdPeriph_Driver\src\stm32f10x_tim.o
TIM_Cmd                                           Libraries\STM32F10x_StdPeriph_Driver\src\stm32f10x_tim.o
TIM_CounterModeConfig                             Libraries\STM32F10x_StdPeriph_Driver\src\stm32f10x_tim.o
TIM_CtrlPWMOutputs                                Libraries\STM32F10x_StdPeriph_Driver\src\stm32f10x_tim.o
TIM_DMACmd                                        Libraries\STM32F10x_StdPeriph_Driver\src\stm32f10x_tim.o
TIM_DMAConfig                                     Libraries\STM32F10x_StdPeriph_Driver\src\stm32f10x_tim.o
TIM_DeInit                                        Libraries\STM32F10x_StdPeriph_Driver\src\stm32f10x_tim.o
TIM_ETRClockMode1Config                           Libraries\STM32F10x_StdPeriph_Driver\src\stm32f10x_tim.o
TIM_ETRClockMode2Config                           Libraries\STM32F10x_StdPeriph_Driver\src\stm32f10x_tim.o
TIM_ETRConfig                                     Libraries\STM32F10x_StdPeriph_Driver\src\stm32f10x_tim.o
TIM_EncoderInterfaceConfig                        Libraries\STM32F10x_StdPeriph_Driver\src\stm32f10x_tim.o
TIM_ForcedOC1Config                               Libraries\STM32F10x_StdPeriph_Driver\src\stm32f10x_tim.o
TIM_ForcedOC2Config                               Libraries\STM32F10x_StdPeriph_Driver\src\stm32f10x_tim.o
TIM_ForcedOC3Config                               Libraries\STM32F10x_StdPeriph_Driver\src\stm32f10x_tim.o
TIM_ForcedOC4Config                               Libraries\STM32F10x_StdPeriph_Driver\src\stm32f10x_tim.o
TIM_GenerateEvent                                 Libraries\STM32F10x_StdPeriph_Driver\src\stm32f10x_tim.o
TIM_GetCapture1                                   Libraries\STM32F10x_StdPeriph_Driver\src\stm32f10x_tim.o
TIM_GetCapture2                                   Libraries\STM32F10x_StdPeriph_Driver\src\stm32f10x_tim.o
TIM_GetCapture3                                   Libraries\STM32F10x_StdPeriph_Driver\src\stm32f10x_tim.o
TIM_GetCapture4                                   Libraries\STM32F10x_StdPeriph_Driver\src\stm32f10x_tim.o
TIM_GetCounter                                    Libraries\STM32F10x_StdPeriph_Driver\src\stm32f10x_tim.o
TIM_GetFlagStatus                                 Libraries\STM32F10x_StdPeriph_Driver\src\stm32f10x_tim.o
TIM_GetITStatus                                   Libraries\STM32F10x_StdPeriph_Driver\src\stm32f10x_tim.o
TIM_GetPrescaler                                  Libraries\STM32F10x_StdPeriph_Driver\src\stm32f10x_tim.o
TIM_ICInit                                        Libraries\STM32F10x_StdPeriph_Driver\src\stm32f10x_tim.o
TIM_ICStructInit                                  Libraries\STM32F10x_StdPeriph_Driver\src\stm32f10x_tim.o
TIM_ITConfig                                      Libraries\STM32F10x_StdPeriph_Driver\src\stm32f10x_tim.o
TIM_ITRxExternalClockConfig                       Libraries\STM32F10x_StdPeriph_Driver\src\stm32f10x_tim.o
TIM_InternalClockConfig                           Libraries\STM32F10x_StdPeriph_Driver\src\stm32f10x_tim.o
TIM_OC1FastConfig                                 Libraries\STM32F10x_StdPeriph_Driver\src\stm32f10x_tim.o
TIM_OC1Init                                       Libraries\STM32F10x_StdPeriph_Driver\src\stm32f10x_tim.o
TIM_OC1NPolarityConfig                            Libraries\STM32F10x_StdPeriph_Driver\src\stm32f10x_tim.o
TIM_OC1PolarityConfig                             Libraries\STM32F10x_StdPeriph_Driver\src\stm32f10x_tim.o
TIM_OC1PreloadConfig                              Libraries\STM32F10x_StdPeriph_Driver\src\stm32f10x_tim.o
TIM_OC2FastConfig                                 Libraries\STM32F10x_StdPeriph_Driver\src\stm32f10x_tim.o
TIM_OC2Init                                       Libraries\STM32F10x_StdPeriph_Driver\src\stm32f10x_tim.o
TIM_OC2NPolarityConfig                            Libraries\STM32F10x_StdPeriph_Driver\src\stm32f10x_tim.o
TIM_OC2PolarityConfig                             Libraries\STM32F10x_StdPeriph_Driver\src\stm32f10x_tim.o
TIM_OC2PreloadConfig                              Libraries\STM32F10x_StdPeriph_Driver\src\stm32f10x_tim.o
TIM_OC3FastConfig                                 Libraries\STM32F10x_StdPeriph_Driver\src\stm32f10x_tim.o
TIM_OC3Init                                       Libraries\STM32F10x_StdPeriph_Driver\src\stm32f10x_tim.o
TIM_OC3NPolarityConfig                            Libraries\STM32F10x_StdPeriph_Driver\src\stm32f10x_tim.o
TIM_OC3PolarityConfig                             Libraries\STM32F10x_StdPeriph_Driver\src\stm32f10x_tim.o
TIM_OC3PreloadConfig                              Libraries\STM32F10x_StdPeriph_Driver\src\stm32f10x_tim.o
TIM_OC4FastConfig                                 Libraries\STM32F10x_StdPeriph_Driver\src\stm32f10x_tim.o
TIM_OC4Init                                       Libraries\STM32F10x_StdPeriph_Driver\src\stm32f10x_tim.o
TIM_OC4PolarityConfig                             Libraries\STM32F10x_StdPeriph_Driver\src\stm32f10x_tim.o
TIM_OC4PreloadConfig                              Libraries\STM32F10x_StdPeriph_Driver\src\stm32f10x_tim.o
TIM_OCStructInit                                  Libraries\STM32F10x_StdPeriph_Driver\src\stm32f10x_tim.o
TIM_PWMIConfig                                    Libraries\STM32F10x_StdPeriph_Driver\src\stm32f10x_tim.o
TIM_PrescalerConfig                               Libraries\STM32F10x_StdPeriph_Driver\src\stm32f10x_tim.o
TIM_SelectCCDMA                                   Libraries\STM32F10x_StdPeriph_Driver\src\stm32f10x_tim.o
TIM_SelectCOM                                     Libraries\STM32F10x_StdPeriph_Driver\src\stm32f10x_tim.o
TIM_SelectHallSensor                              Libraries\STM32F10x_StdPeriph_Driver\src\stm32f10x_tim.o
TIM_SelectInputTrigger                            Libraries\STM32F10x_StdPeriph_Driver\src\stm32f10x_tim.o
TIM_SelectMasterSlaveMode                         Libraries\STM32F10x_StdPeriph_Driver\src\stm32f10x_tim.o
TIM_SelectOCxM                                    Libraries\STM32F10x_StdPeriph_Driver\src\stm32f10x_tim.o
TIM_SelectOnePulseMode                            Libraries\STM32F10x_StdPeriph_Driver\src\stm32f10x_tim.o
TIM_SelectOutputTrigger                           Libraries\STM32F10x_StdPeriph_Driver\src\stm32f10x_tim.o
TIM_SelectSlaveMode                               Libraries\STM32F10x_StdPeriph_Driver\src\stm32f10x_tim.o
TIM_SetAutoreload                                 Libraries\STM32F10x_StdPeriph_Driver\src\stm32f10x_tim.o
TIM_SetClockDivision                              Libraries\STM32F10x_StdPeriph_Driver\src\stm32f10x_tim.o
TIM_SetCompare1                                   Libraries\STM32F10x_StdPeriph_Driver\src\stm32f10x_tim.o
TIM_SetCompare2                                   Libraries\STM32F10x_StdPeriph_Driver\src\stm32f10x_tim.o
TIM_SetCompare3                                   Libraries\STM32F10x_StdPeriph_Driver\src\stm32f10x_tim.o
TIM_SetCompare4                                   Libraries\STM32F10x_StdPeriph_Driver\src\stm32f10x_tim.o
TIM_SetCounter                                    Libraries\STM32F10x_StdPeriph_Driver\src\stm32f10x_tim.o
TIM_SetIC1Prescaler                               Libraries\STM32F10x_StdPeriph_Driver\src\stm32f10x_tim.o
TIM_SetIC2Prescaler                               Libraries\STM32F10x_StdPeriph_Driver\src\stm32f10x_tim.o
TIM_SetIC3Prescaler                               Libraries\STM32F10x_StdPeriph_Driver\src\stm32f10x_tim.o
TIM_SetIC4Prescaler                               Libraries\STM32F10x_StdPeriph_Driver\src\stm32f10x_tim.o
TIM_TIxExternalClockConfig                        Libraries\STM32F10x_StdPeriph_Driver\src\stm32f10x_tim.o
TIM_TimeBaseInit                                  Libraries\STM32F10x_StdPeriph_Driver\src\stm32f10x_tim.o
TIM_TimeBaseStructInit                            Libraries\STM32F10x_StdPeriph_Driver\src\stm32f10x_tim.o
TIM_UpdateDisableConfig                           Libraries\STM32F10x_StdPeriph_Driver\src\stm32f10x_tim.o
TIM_UpdateRequestConfig                           Libraries\STM32F10x_StdPeriph_Driver\src\stm32f10x_tim.o
TestTarget::accept()                              src\main.o
TestTarget::initialize()                          src\main.o
TestTarget::startProcessCycle()                   src\main.o
TestTarget::waitForCycleToEnd()                   src\main.o
TestTarget::~TestTarget()                         src\main.o
TestTarget::~TestTarget()                         src\main.o
TestTarget::~TestTarget()                         src\main.o
USART1_IRQHandler                                 src\system\startup_stm32f10x_md.o
USART2_IRQHandler                                 src\system\startup_stm32f10x_md.o
USART3_IRQHandler                                 src\system\startup_stm32f10x_md.o
USART_ClearFlag                                   Libraries\STM32F10x_StdPeriph_Driver\src\stm32f10x_usart.o
USART_ClearITPendingBit                           Libraries\STM32F10x_StdPeriph_Driver\src\stm32f10x_usart.o
USART_ClockInit                                   Libraries\STM32F10x_StdPeriph_Driver\src\stm32f10x_usart.o
USART_ClockStructInit                             Libraries\STM32F10x_StdPeriph_Driver\src\stm32f10x_usart.o
USART_Cmd                                         Libraries\STM32F10x_StdPeriph_Driver\src\stm32f10x_usart.o
                                                  src\comlink\SerialLink.o
USART_DMACmd                                      Libraries\STM32F10x_StdPeriph_Driver\src\stm32f10x_usart.o
USART_DeInit                                      Libraries\STM32F10x_StdPeriph_Driver\src\stm32f10x_usart.o
USART_GetFlagStatus                               Libraries\STM32F10x_StdPeriph_Driver\src\stm32f10x_usart.o
                                                  src\comlink\SerialLink.o
USART_GetITStatus                                 Libraries\STM32F10x_StdPeriph_Driver\src\stm32f10x_usart.o
USART_HalfDuplexCmd                               Libraries\STM32F10x_StdPeriph_Driver\src\stm32f10x_usart.o
USART_ITConfig                                    Libraries\STM32F10x_StdPeriph_Driver\src\stm32f10x_usart.o
USART_Init                                        Libraries\STM32F10x_StdPeriph_Driver\src\stm32f10x_usart.o
                                                  src\comlink\SerialLink.o
USART_IrDACmd                                     Libraries\STM32F10x_StdPeriph_Driver\src\stm32f10x_usart.o
USART_IrDAConfig                                  Libraries\STM32F10x_StdPeriph_Driver\src\stm32f10x_usart.o
USART_LINBreakDetectLengthConfig                  Libraries\STM32F10x_StdPeriph_Driver\src\stm32f10x_usart.o
USART_LINCmd                                      Libraries\STM32F10x_StdPeriph_Driver\src\stm32f10x_usart.o
USART_OneBitMethodCmd                             Libraries\STM32F10x_StdPeriph_Driver\src\stm32f10x_usart.o
USART_OverSampling8Cmd                            Libraries\STM32F10x_StdPeriph_Driver\src\stm32f10x_usart.o
USART_ReceiveData                                 Libraries\STM32F10x_StdPeriph_Driver\src\stm32f10x_usart.o
USART_ReceiverWakeUpCmd                           Libraries\STM32F10x_StdPeriph_Driver\src\stm32f10x_usart.o
USART_SendBreak                                   Libraries\STM32F10x_StdPeriph_Driver\src\stm32f10x_usart.o
USART_SendData                                    Libraries\STM32F10x_StdPeriph_Driver\src\stm32f10x_usart.o
                                                  src\comlink\SerialLink.o
USART_SetAddress                                  Libraries\STM32F10x_StdPeriph_Driver\src\stm32f10x_usart.o
USART_SetGuardTime                                Libraries\STM32F10x_StdPeriph_Driver\src\stm32f10x_usart.o
USART_SetPrescaler                                Libraries\STM32F10x_StdPeriph_Driver\src\stm32f10x_usart.o
USART_SmartCardCmd                                Libraries\STM32F10x_StdPeriph_Driver\src\stm32f10x_usart.o
USART_SmartCardNACKCmd                            Libraries\STM32F10x_StdPeriph_Driver\src\stm32f10x_usart.o
USART_StructInit                                  Libraries\STM32F10x_StdPeriph_Driver\src\stm32f10x_usart.o
USART_WakeUpConfig                                Libraries\STM32F10x_StdPeriph_Driver\src\stm32f10x_usart.o
USBWakeUp_IRQHandler                              src\system\startup_stm32f10x_md.o
USB_HP_CAN1_TX_IRQHandler                         src\system\startup_stm32f10x_md.o
USB_LP_CAN1_RX0_IRQHandler                        src\system\startup_stm32f10x_md.o
UsageFault_Handler                                src\system\stm32f1xx_it.o
                                                  src\system\startup_stm32f10x_md.o
WWDG_ClearFlag                                    Libraries\STM32F10x_StdPeriph_Driver\src\stm32f10x_wwdg.o
WWDG_DeInit                                       Libraries\STM32F10x_StdPeriph_Driver\src\stm32f10x_wwdg.o
WWDG_Enable                                       Libraries\STM32F10x_StdPeriph_Driver\src\stm32f10x_wwdg.o
WWDG_EnableIT                                     Libraries\STM32F10x_StdPeriph_Driver\src\stm32f10x_wwdg.o
WWDG_GetFlagStatus                                Libraries\STM32F10x_StdPeriph_Driver\src\stm32f10x_wwdg.o
WWDG_IRQHandler                                   src\system\startup_stm32f10x_md.o
WWDG_SetCounter                                   Libraries\STM32F10x_StdPeriph_Driver\src\stm32f10x_wwdg.o
WWDG_SetPrescaler                                 Libraries\STM32F10x_StdPeriph_Driver\src\stm32f10x_wwdg.o
WWDG_SetWindowValue                               Libraries\STM32F10x_StdPeriph_Driver\src\stm32f10x_wwdg.o
__deregister_frame_info                           d:/truestudio for stm32 9.0.0/armtools/bin/../lib/gcc/arm-atollic-eabi/6.3.1/armv7-m/crtbegin.o
__dso_handle                                      d:/truestudio for stm32 9.0.0/armtools/bin/../lib/gcc/arm-atollic-eabi/6.3.1/armv7-m/crtbegin.o
__init_array_end                                  d:/truestudio for stm32 9.0.0/armtools/bin/../lib/gcc/arm-atollic-eabi/6.3.1/../../../../arm-atollic-eabi/lib/armv7-m\libc_nano.a(lib_a-init.o)
__init_array_start                                d:/truestudio for stm32 9.0.0/armtools/bin/../lib/gcc/arm-atollic-eabi/6.3.1/../../../../arm-atollic-eabi/lib/armv7-m\libc_nano.a(lib_a-init.o)
__libc_init_array                                 d:/truestudio for stm32 9.0.0/armtools/bin/../lib/gcc/arm-atollic-eabi/6.3.1/../../../../arm-atollic-eabi/lib/armv7-m\libc_nano.a(lib_a-init.o)
                                                  src\system\startup_stm32f10x_md.o
__malloc_free_list                                d:/truestudio for stm32 9.0.0/armtools/bin/../lib/gcc/arm-atollic-eabi/6.3.1/../../../../arm-atollic-eabi/lib/armv7-m\libc_nano.a(lib_a-nano-mallocr.o)
                                                  d:/truestudio for stm32 9.0.0/armtools/bin/../lib/gcc/arm-atollic-eabi/6.3.1/../../../../arm-atollic-eabi/lib/armv7-m\libc_nano.a(lib_a-nano-freer.o)
__malloc_lock                                     d:/truestudio for stm32 9.0.0/armtools/bin/../lib/gcc/arm-atollic-eabi/6.3.1/../../../../arm-atollic-eabi/lib/armv7-m\libc_nano.a(lib_a-mlock.o)
                                                  d:/truestudio for stm32 9.0.0/armtools/bin/../lib/gcc/arm-atollic-eabi/6.3.1/../../../../arm-atollic-eabi/lib/armv7-m\libc_nano.a(lib_a-nano-mallocr.o)
                                                  d:/truestudio for stm32 9.0.0/armtools/bin/../lib/gcc/arm-atollic-eabi/6.3.1/../../../../arm-atollic-eabi/lib/armv7-m\libc_nano.a(lib_a-nano-freer.o)
__malloc_sbrk_start                               d:/truestudio for stm32 9.0.0/armtools/bin/../lib/gcc/arm-atollic-eabi/6.3.1/../../../../arm-atollic-eabi/lib/armv7-m\libc_nano.a(lib_a-nano-mallocr.o)
__malloc_unlock                                   d:/truestudio for stm32 9.0.0/armtools/bin/../lib/gcc/arm-atollic-eabi/6.3.1/../../../../arm-atollic-eabi/lib/armv7-m\libc_nano.a(lib_a-mlock.o)
                                                  d:/truestudio for stm32 9.0.0/armtools/bin/../lib/gcc/arm-atollic-eabi/6.3.1/../../../../arm-atollic-eabi/lib/armv7-m\libc_nano.a(lib_a-nano-mallocr.o)
                                                  d:/truestudio for stm32 9.0.0/armtools/bin/../lib/gcc/arm-atollic-eabi/6.3.1/../../../../arm-atollic-eabi/lib/armv7-m\libc_nano.a(lib_a-nano-freer.o)